fsl_common.h:827:28:DisableGlobalIRQ	16	static
fsl_common.h:858:24:EnableGlobalIRQ	24	static
fsl_os_abstraction_bm.c:144:18:main_task	16	static
fsl_os_abstraction_bm.c:181:7:OSA_MemoryAllocate	24	static
fsl_os_abstraction_bm.c:199:6:OSA_MemoryFree	16	static
fsl_os_abstraction_bm.c:204:6:OSA_EnterCritical	16	static
fsl_os_abstraction_bm.c:209:6:OSA_ExitCritical	16	static
fsl_os_abstraction_bm.c:220:6:OSA_EnableIRQGlobal	4	static
fsl_os_abstraction_bm.c:241:6:OSA_DisableIRQGlobal	4	static
fsl_os_abstraction_bm.c:459:18:OSA_TimeInit	4	static
fsl_os_abstraction_bm.c:476:22:OSA_TimeDiff	16	static
fsl_os_abstraction_bm.c:494:6:OSA_TimeDelay	16	static
fsl_os_abstraction_bm.c:513:22:OSA_TimeGetMsec	4	static
fsl_os_abstraction_bm.c:529:14:OSA_SemaphoreCreate	24	static
fsl_os_abstraction_bm.c:548:14:OSA_SemaphoreDestroy	24	static
fsl_os_abstraction_bm.c:571:14:OSA_SemaphoreWait	24	static
fsl_os_abstraction_bm.c:636:14:OSA_SemaphorePost	24	static
fsl_os_abstraction_bm.c:661:14:OSA_MutexCreate	24	static
fsl_os_abstraction_bm.c:685:14:OSA_MutexLock	24	static
fsl_os_abstraction_bm.c:747:14:OSA_MutexUnlock	24	static
fsl_os_abstraction_bm.c:765:14:OSA_MutexDestroy	24	static
fsl_os_abstraction_bm.c:782:14:OSA_EventCreate	24	static
fsl_os_abstraction_bm.c:805:14:OSA_EventSet	24	static
fsl_os_abstraction_bm.c:830:14:OSA_EventClear	24	static
fsl_os_abstraction_bm.c:860:14:OSA_EventGet	32	static
fsl_os_abstraction_bm.c:892:14:OSA_EventWait	40	static
fsl_os_abstraction_bm.c:976:14:OSA_EventDestroy	24	static
fsl_os_abstraction_bm.c:995:14:OSA_MsgQCreate	32	static
fsl_os_abstraction_bm.c:1017:14:OSA_MsgQPut	40	static
fsl_os_abstraction_bm.c:1076:14:OSA_MsgQGet	48	static
fsl_os_abstraction_bm.c:1167:5:OSA_MsgQAvailableMsgs	24	static
fsl_os_abstraction_bm.c:1182:14:OSA_MsgQDestroy	24	static
fsl_os_abstraction_bm.c:1200:6:OSA_InterruptEnable	8	static
fsl_os_abstraction_bm.c:1210:6:OSA_InterruptDisable	8	static
fsl_os_abstraction_bm.c:1221:6:OSA_InstallIntHandler	16	static
