Archive member included to satisfy reference by file (symbol)

/Users/ki_01/Documents/MCUXpressoIDE_11.3.0/workspace/OKDO_Test/LPC55S69/mcuxpresso/libpower_hardabi.a(fsl_power_lib.o)
                              ./drivers/fsl_clock.o (POWER_SetVoltageForFreq)
/Applications/MCUXpressoIDE_11.3.0_5222/ide/plugins/com.nxp.mcuxpresso.tools.macosx_11.3.0.202011031536/tools/bin/../lib/gcc/arm-none-eabi/9.3.1/../../../../arm-none-eabi/lib/thumb/v8-m.main+fp/hard/libcr_semihost_nf.a(_cr__main.o)
                              ./startup/startup_lpc55s69_cm33_core0.o (__main)
/Applications/MCUXpressoIDE_11.3.0_5222/ide/plugins/com.nxp.mcuxpresso.tools.macosx_11.3.0.202011031536/tools/bin/../lib/gcc/arm-none-eabi/9.3.1/../../../../arm-none-eabi/lib/thumb/v8-m.main+fp/hard/libcr_semihost_nf.a(_cr_assert.o)
                              ./drivers/fsl_clock.o (__assertion_failed)
/Applications/MCUXpressoIDE_11.3.0_5222/ide/plugins/com.nxp.mcuxpresso.tools.macosx_11.3.0.202011031536/tools/bin/../lib/gcc/arm-none-eabi/9.3.1/../../../../arm-none-eabi/lib/thumb/v8-m.main+fp/hard/libcr_semihost_nf.a(__ciob.o)
                              /Applications/MCUXpressoIDE_11.3.0_5222/ide/plugins/com.nxp.mcuxpresso.tools.macosx_11.3.0.202011031536/tools/bin/../lib/gcc/arm-none-eabi/9.3.1/../../../../arm-none-eabi/lib/thumb/v8-m.main+fp/hard/libcr_semihost_nf.a(_cr_assert.o) (__Ciob)
/Applications/MCUXpressoIDE_11.3.0_5222/ide/plugins/com.nxp.mcuxpresso.tools.macosx_11.3.0.202011031536/tools/bin/../lib/gcc/arm-none-eabi/9.3.1/../../../../arm-none-eabi/lib/thumb/v8-m.main+fp/hard/libcr_semihost_nf.a(__sys_appexit.o)
                              /Applications/MCUXpressoIDE_11.3.0_5222/ide/plugins/com.nxp.mcuxpresso.tools.macosx_11.3.0.202011031536/tools/bin/../lib/gcc/arm-none-eabi/9.3.1/../../../../arm-none-eabi/lib/thumb/v8-m.main+fp/hard/libcr_semihost_nf.a(_cr_assert.o) (__sys_appexit)
/Applications/MCUXpressoIDE_11.3.0_5222/ide/plugins/com.nxp.mcuxpresso.tools.macosx_11.3.0.202011031536/tools/bin/../lib/gcc/arm-none-eabi/9.3.1/../../../../arm-none-eabi/lib/thumb/v8-m.main+fp/hard/libcr_c.a(memcpy.o)
                              ./utilities/fsl_str.o (memcpy)
/Applications/MCUXpressoIDE_11.3.0_5222/ide/plugins/com.nxp.mcuxpresso.tools.macosx_11.3.0.202011031536/tools/bin/../lib/gcc/arm-none-eabi/9.3.1/../../../../arm-none-eabi/lib/thumb/v8-m.main+fp/hard/libcr_c.a(memset.o)
                              ./utilities/fsl_debug_console.o (memset)
/Applications/MCUXpressoIDE_11.3.0_5222/ide/plugins/com.nxp.mcuxpresso.tools.macosx_11.3.0.202011031536/tools/bin/../lib/gcc/arm-none-eabi/9.3.1/../../../../arm-none-eabi/lib/thumb/v8-m.main+fp/hard/libcr_c.a(_deferredlazyseek.o)
                              /Applications/MCUXpressoIDE_11.3.0_5222/ide/plugins/com.nxp.mcuxpresso.tools.macosx_11.3.0.202011031536/tools/bin/../lib/gcc/arm-none-eabi/9.3.1/../../../../arm-none-eabi/lib/thumb/v8-m.main+fp/hard/libcr_semihost_nf.a(_cr_assert.o) (__flsbuf)
/Applications/MCUXpressoIDE_11.3.0_5222/ide/plugins/com.nxp.mcuxpresso.tools.macosx_11.3.0.202011031536/tools/bin/../lib/gcc/arm-none-eabi/9.3.1/../../../../arm-none-eabi/lib/thumb/v8-m.main+fp/hard/libcr_c.a(_fflush.o)
                              /Applications/MCUXpressoIDE_11.3.0_5222/ide/plugins/com.nxp.mcuxpresso.tools.macosx_11.3.0.202011031536/tools/bin/../lib/gcc/arm-none-eabi/9.3.1/../../../../arm-none-eabi/lib/thumb/v8-m.main+fp/hard/libcr_c.a(_deferredlazyseek.o) (_fflush)
/Applications/MCUXpressoIDE_11.3.0_5222/ide/plugins/com.nxp.mcuxpresso.tools.macosx_11.3.0.202011031536/tools/bin/../lib/gcc/arm-none-eabi/9.3.1/../../../../arm-none-eabi/lib/thumb/v8-m.main+fp/hard/libcr_c.a(_writebuf.o)
                              /Applications/MCUXpressoIDE_11.3.0_5222/ide/plugins/com.nxp.mcuxpresso.tools.macosx_11.3.0.202011031536/tools/bin/../lib/gcc/arm-none-eabi/9.3.1/../../../../arm-none-eabi/lib/thumb/v8-m.main+fp/hard/libcr_c.a(_deferredlazyseek.o) (_Cwritebuf)
/Applications/MCUXpressoIDE_11.3.0_5222/ide/plugins/com.nxp.mcuxpresso.tools.macosx_11.3.0.202011031536/tools/bin/../lib/gcc/arm-none-eabi/9.3.1/../../../../arm-none-eabi/lib/thumb/v8-m.main+fp/hard/libcr_c.a(alloc.o)
                              ./drivers/fsl_common.o (malloc)
/Applications/MCUXpressoIDE_11.3.0_5222/ide/plugins/com.nxp.mcuxpresso.tools.macosx_11.3.0.202011031536/tools/bin/../lib/gcc/arm-none-eabi/9.3.1/../../../../arm-none-eabi/lib/thumb/v8-m.main+fp/hard/libcr_c.a(errno.o)
                              ./utilities/fsl_str.o (errno)
/Applications/MCUXpressoIDE_11.3.0_5222/ide/plugins/com.nxp.mcuxpresso.tools.macosx_11.3.0.202011031536/tools/bin/../lib/gcc/arm-none-eabi/9.3.1/../../../../arm-none-eabi/lib/thumb/v8-m.main+fp/hard/libcr_c.a(fpprintf.o)
                              ./source/OKDO_Test.o (sprintf)
[...]
Memory Configuration

Name             Origin             Length             Attributes
PROGRAM_FLASH    0x0000000000000000 0x0000000000098000 xr
SRAM             0x0000000020000000 0x0000000000040000 xrw
SRAM4            0x0000000020040000 0x0000000000004000 xrw
SRAMX            0x0000000004000000 0x0000000000008000 xrw
USB_RAM          0x0000000040100000 0x0000000000004000 xrw
*default*        0x0000000000000000 0xffffffffffffffff

Linker script and memory map

LOAD ./utilities/fsl_debug_console.o
LOAD ./utilities/fsl_str.o
LOAD ./usb/phy/usb_phy.o
LOAD ./usb/device/source/lpcip3511/usb_device_lpcip3511.o
LOAD ./usb/device/source/usb_device_ch9.o
LOAD ./usb/device/source/usb_device_dci.o
LOAD ./usb/device/class/cdc/usb_device_cdc_acm.o
LOAD ./usb/device/class/usb_device_class.o
LOAD ./startup/boot_multicore_slave.o
LOAD ./startup/startup_lpc55s69_cm33_core0.o
LOAD ./source/generated/usb_device_composite.o
LOAD ./source/generated/usb_device_descriptor.o
LOAD ./source/OKDO_Test.o
LOAD ./source/lcd.o
LOAD ./source/semihost_hardfault.o
LOAD ./source/usb_device_interface_0_cic_vcom.o
LOAD ./drivers/fsl_clock.o
LOAD ./drivers/fsl_common.o
LOAD ./drivers/fsl_ctimer.o
LOAD ./drivers/fsl_flexcomm.o
LOAD ./drivers/fsl_gint.o
LOAD ./drivers/fsl_gpio.o
LOAD ./drivers/fsl_i2c.o
LOAD ./drivers/fsl_inputmux.o
LOAD ./drivers/fsl_pint.o
LOAD ./drivers/fsl_reset.o
LOAD ./drivers/fsl_spi.o
LOAD ./drivers/fsl_usart.o
LOAD ./device/system_LPC55S69_cm33_core0.o
LOAD ./component/uart/fsl_adapter_usart.o
LOAD ./component/serial_manager/fsl_component_serial_manager.o
LOAD ./component/serial_manager/fsl_component_serial_port_uart.o
LOAD ./component/osa/fsl_os_abstraction_bm.o
LOAD ./component/lists/fsl_component_generic_list.o
LOAD ./board/board.o
LOAD ./board/clock_config.o
LOAD ./board/peripherals.o
LOAD ./board/pin_mux.o
LOAD ./LPC55S69/drivers/fsl_power.o
LOAD /Users/ki_01/Documents/MCUXpressoIDE_11.3.0/workspace/OKDO_Test/LPC55S69/mcuxpresso/libpower_hardabi.a
START GROUP
LOAD /Applications/MCUXpressoIDE_11.3.0_5222/ide/plugins/com.nxp.mcuxpresso.tools.macosx_11.3.0.202011031536/tools/bin/../lib/gcc/arm-none-eabi/9.3.1/../../../../arm-none-eabi/lib/thumb/v8-m.main+fp/hard/libcr_semihost_nf.a
LOAD /Applications/MCUXpressoIDE_11.3.0_5222/ide/plugins/com.nxp.mcuxpresso.tools.macosx_11.3.0.202011031536/tools/bin/../lib/gcc/arm-none-eabi/9.3.1/../../../../arm-none-eabi/lib/thumb/v8-m.main+fp/hard/libcr_c.a
LOAD /Applications/MCUXpressoIDE_11.3.0_5222/ide/plugins/com.nxp.mcuxpresso.tools.macosx_11.3.0.202011031536/tools/bin/../lib/gcc/arm-none-eabi/9.3.1/thumb/v8-m.main+fp/hard/libcr_eabihelpers.a
LOAD /Applications/MCUXpressoIDE_11.3.0_5222/ide/plugins/com.nxp.mcuxpresso.tools.macosx_11.3.0.202011031536/tools/bin/../lib/gcc/arm-none-eabi/9.3.1/thumb/v8-m.main+fp/hard/libgcc.a
END GROUP
                0x0000000000000000                __base_PROGRAM_FLASH = 0x0
                0x0000000000000000                __base_Flash = 0x0
                0x0000000000098000                __top_PROGRAM_FLASH = 0x98000
                0x0000000000098000                __top_Flash = 0x98000
                0x0000000020000000                __base_SRAM = 0x20000000
                0x0000000020000000                __base_RAM = 0x20000000
                0x0000000020040000                __top_SRAM = 0x20040000
                0x0000000020040000                __top_RAM = 0x20040000
                0x0000000020040000                __base_SRAM4 = 0x20040000
                0x0000000020040000                __base_RAM2 = 0x20040000
                0x0000000020044000                __top_SRAM4 = 0x20044000
                0x0000000020044000                __top_RAM2 = 0x20044000
                0x0000000004000000                __base_SRAMX = 0x4000000
                0x0000000004000000                __base_RAM3 = 0x4000000
                0x0000000004008000                __top_SRAMX = 0x4008000
                0x0000000004008000                __top_RAM3 = 0x4008000
                0x0000000040100000                __base_USB_RAM = 0x40100000
                0x0000000040100000                __base_RAM4 = 0x40100000
                0x0000000040104000                __top_USB_RAM = 0x40104000
                0x0000000040104000                __top_RAM4 = 0x40104000

.text           0x0000000000000000     0xd4bc
 FILL mask 0xff
                0x0000000000000000                __vectors_start__ = ABSOLUTE (.)
 *(SORT_BY_ALIGNMENT(.isr_vector))
 .isr_vector    0x0000000000000000      0x130 ./startup/startup_lpc55s69_cm33_core0.o
                0x0000000000000000                __Vectors
                0x0000000000000000                g_pfnVectors
                0x0000000000000130                . = ALIGN (0x4)
                0x0000000000000130                __section_table_start = .
                0x0000000000000130                __data_section_table = .
                0x0000000000000130        0x4 LONG 0xd4bc LOADADDR (.data)
                0x0000000000000134        0x4 LONG 0x20000000 ADDR (.data)
                0x0000000000000138        0x4 LONG 0x24c SIZEOF (.data)
                0x000000000000013c        0x4 LONG 0xd4bc LOADADDR (.data_RAM2)
                0x0000000000000140        0x4 LONG 0x20040000 ADDR (.data_RAM2)
                0x0000000000000144        0x4 LONG 0x0 SIZEOF (.data_RAM2)
                0x0000000000000148        0x4 LONG 0xd4bc LOADADDR (.data_RAM3)
                0x000000000000014c        0x4 LONG 0x4000000 ADDR (.data_RAM3)
                0x0000000000000150        0x4 LONG 0x0 SIZEOF (.data_RAM3)
                0x0000000000000154        0x4 LONG 0xd4bc LOADADDR (.data_RAM4)
                0x0000000000000158        0x4 LONG 0x401016d8 ADDR (.data_RAM4)
                0x000000000000015c        0x4 LONG 0x0 SIZEOF (.data_RAM4)
                0x0000000000000160                __data_section_table_end = .
                0x0000000000000160                __bss_section_table = .
                0x0000000000000160        0x4 LONG 0x20000280 ADDR (.bss)
                0x0000000000000164        0x4 LONG 0xa6b0 SIZEOF (.bss)
                0x0000000000000168        0x4 LONG 0x20040000 ADDR (.bss_RAM2)
                0x000000000000016c        0x4 LONG 0x0 SIZEOF (.bss_RAM2)
                0x0000000000000170        0x4 LONG 0x4000000 ADDR (.bss_RAM3)
                0x0000000000000174        0x4 LONG 0x0 SIZEOF (.bss_RAM3)
                0x0000000000000178        0x4 LONG 0x401016d8 ADDR (.bss_RAM4)
                0x000000000000017c        0x4 LONG 0x0 SIZEOF (.bss_RAM4)
                0x0000000000000180                __bss_section_table_end = .
                0x0000000000000180                __section_table_end = .
 *(SORT_BY_ALIGNMENT(.after_vectors*))
 .after_vectors.reset
                0x0000000000000180       0x4c ./startup/startup_lpc55s69_cm33_core0.o
                0x0000000000000180                ResetISR
 .after_vectors.init_data
                0x00000000000001cc       0x1e ./startup/startup_lpc55s69_cm33_core0.o
                0x00000000000001cc                data_init
 .after_vectors.init_bss
                0x00000000000001ea       0x12 ./startup/startup_lpc55s69_cm33_core0.o
                0x00000000000001ea                bss_init
 .after_vectors
                0x00000000000001fc       0x16 ./startup/startup_lpc55s69_cm33_core0.o
                0x00000000000001fc                NMI_Handler
                0x0000000000000200                MemManage_Handler
                0x0000000000000202                BusFault_Handler
                0x0000000000000204                UsageFault_Handler
                0x0000000000000206                SecureFault_Handler
                0x0000000000000208                SVC_Handler
                0x000000000000020a                DebugMon_Handler
                0x000000000000020c                PendSV_Handler
                0x000000000000020e                SysTick_Handler
                0x0000000000000210                MRT0_DriverIRQHandler
                0x0000000000000210                UTICK0_DriverIRQHandler
                0x0000000000000210                Reserved41_DriverIRQHandler
                0x0000000000000210                Reserved55_DriverIRQHandler
                0x0000000000000210                HASHCRYPT_DriverIRQHandler
                0x0000000000000210                USB0_NEEDCLK_DriverIRQHandler
                0x0000000000000210                PQ_DriverIRQHandler
                0x0000000000000210                MAILBOX_DriverIRQHandler
                0x0000000000000210                Reserved61_DriverIRQHandler
                0x0000000000000210                PUF_DriverIRQHandler
                0x0000000000000210                RTC_DriverIRQHandler
                0x0000000000000210                USB1_DriverIRQHandler
                0x0000000000000210                Reserved60_DriverIRQHandler
                0x0000000000000210                DMA1_DriverIRQHandler
                0x0000000000000210                ADC0_DriverIRQHandler
                0x0000000000000210                USB1_NEEDCLK_DriverIRQHandler
                0x0000000000000210                Reserved59_DriverIRQHandler
                0x0000000000000210                SDIO_DriverIRQHandler
                0x0000000000000210                USB1_PHY_DriverIRQHandler
                0x0000000000000210                ACMP_DriverIRQHandler
                0x0000000000000210                Reserved57_DriverIRQHandler
                0x0000000000000210                Reserved46_DriverIRQHandler
                0x0000000000000210                WDT_BOD_DriverIRQHandler
                0x0000000000000210                SCT0_DriverIRQHandler
                0x0000000000000210                PLU_DriverIRQHandler
                0x0000000000000210                OS_EVENT_DriverIRQHandler
                0x0000000000000210                SEC_HYPERVISOR_CALL_DriverIRQHandler
                0x0000000000000210                Reserved39_DriverIRQHandler
                0x0000000000000210                DMA0_DriverIRQHandler
                0x0000000000000210                Reserved42_DriverIRQHandler
                0x0000000000000210                SEC_VIO_DriverIRQHandler
                0x0000000000000210                Reserved56_DriverIRQHandler
                0x0000000000000210                IntDefaultHandler
                0x0000000000000210                USB0_DriverIRQHandler
                0x0000000000000210                CASER_DriverIRQHandler
 *(SORT_BY_ALIGNMENT(.text*))
 *fill*         0x0000000000000212        0x6 ff
 .text.fp_display
                0x0000000000000218      0x964 /Applications/MCUXpressoIDE_11.3.0_5222/ide/plugins/com.nxp.mcuxpresso.tools.macosx_11.3.0.202011031536/tools/bin/../lib/gcc/arm-none-eabi/9.3.1/../../../../arm-none-eabi/lib/thumb/v8-m.main+fp/hard/libcr_c.a(fpprintf.o)
 *fill*         0x0000000000000b7c        0x4 ff
 .text._frexpl  0x0000000000000b80       0x68 /Applications/MCUXpressoIDE_11.3.0_5222/ide/plugins/com.nxp.mcuxpresso.tools.macosx_11.3.0.202011031536/tools/bin/../lib/gcc/arm-none-eabi/9.3.1/../../../../arm-none-eabi/lib/thumb/v8-m.main+fp/hard/libcr_c.a(_frexpl.o)
                0x0000000000000b80                _frexpl
 .text._ldexpl  0x0000000000000be8       0x5c /Applications/MCUXpressoIDE_11.3.0_5222/ide/plugins/com.nxp.mcuxpresso.tools.macosx_11.3.0.202011031536/tools/bin/../lib/gcc/arm-none-eabi/9.3.1/../../../../arm-none-eabi/lib/thumb/v8-m.main+fp/hard/libcr_c.a(_ldexpl.o)
                0x0000000000000be8                _ldexpl
 .text.DbgConsole_SendDataReliable
                0x0000000000000c44       0x50 ./utilities/fsl_debug_console.o
                0x0000000000000c44                DbgConsole_SendDataReliable
 .text.DbgConsole_Init
                0x0000000000000c94      0x118 ./utilities/fsl_debug_console.o
                0x0000000000000c94                DbgConsole_Init
 .text.DbgConsole_Printf
                0x0000000000000dac       0x78 ./utilities/fsl_debug_console.o
                0x0000000000000dac                DbgConsole_Printf
 .text.PrintCheckFlags
                0x0000000000000e24       0xd4 ./utilities/fsl_str.o
 .text.USB_EhciPhyGetBase
                0x0000000000000ef8       0xd4 ./usb/phy/usb_phy.o
                0x0000000000000ef8                USB_EhciPhyGetBase
 .text.USB_DeviceLpc3511IpSetDefaultState
                0x0000000000000fcc       0xe4 ./usb/device/source/lpcip3511/usb_device_lpcip3511.o
 .text.USB_DeviceLpc3511IpInit
                0x00000000000010b0      0x190 ./usb/device/source/lpcip3511/usb_device_lpcip3511.o
                0x00000000000010b0                USB_DeviceLpc3511IpInit
 .text.USB_DeviceLpc3511IpDeinit
                0x0000000000001240       0x68 ./usb/device/source/lpcip3511/usb_device_lpcip3511.o
                0x0000000000001240                USB_DeviceLpc3511IpDeinit
 .text.USB_DeviceLpc3511IpGetActualBufferAndPrime
                0x00000000000012a8      0x160 ./usb/device/source/lpcip3511/usb_device_lpcip3511.o
 .text.USB_DeviceLpc3511IpControl
                0x0000000000001408      0x250 ./usb/device/source/lpcip3511/usb_device_lpcip3511.o
                0x0000000000001408                USB_DeviceLpc3511IpControl
 .text.USB_DeviceControlCallback
                0x0000000000001658      0x384 ./usb/device/source/usb_device_ch9.o
 .text.USB_DeviceControlPipeInit
                0x00000000000019dc       0x7c ./usb/device/source/usb_device_ch9.o
                0x00000000000019dc                USB_DeviceControlPipeInit
 .text.USB_DeviceAllocateHandle
                0x0000000000001a58       0xc4 ./usb/device/source/usb_device_dci.o
 .text.USB_DeviceGetControllerInterface
                0x0000000000001b1c       0x48 ./usb/device/source/usb_device_dci.o
 .text.USB_DeviceGetStatus
                0x0000000000001b64       0xcc ./usb/device/source/usb_device_dci.o
                0x0000000000001b64                USB_DeviceGetStatus
 .text.USB_DeviceSetStatus
                0x0000000000001c30      0x118 ./usb/device/source/usb_device_dci.o
                0x0000000000001c30                USB_DeviceSetStatus
 .text.USB_DeviceCdcAcmAllocateHandle
                0x0000000000001d48       0x54 ./usb/device/class/cdc/usb_device_cdc_acm.o
 .text.USB_DeviceCdcAcmEndpointsInit
                0x0000000000001d9c      0x3c0 ./usb/device/class/cdc/usb_device_cdc_acm.o
 .text.USB_DeviceCdcAcmEvent
                0x000000000000215c      0x64c ./usb/device/class/cdc/usb_device_cdc_acm.o
                0x000000000000215c                USB_DeviceCdcAcmEvent
 .text.USB_DeviceCdcAcmInit
                0x00000000000027a8       0xd4 ./usb/device/class/cdc/usb_device_cdc_acm.o
                0x00000000000027a8                USB_DeviceCdcAcmInit
 .text.USB_DeviceCdcAcmDeinit
                0x000000000000287c       0x78 ./usb/device/class/cdc/usb_device_cdc_acm.o
                0x000000000000287c                USB_DeviceCdcAcmDeinit
 .text.USB_DeviceClassAllocateHandle
                0x00000000000028f4       0xc8 ./usb/device/class/usb_device_class.o
 .text.USB_DeviceClassFreeHandle
                0x00000000000029bc       0x90 ./usb/device/class/usb_device_class.o
 .text.USB_DeviceClassGetHandleByControllerId
                0x0000000000002a4c       0x78 ./usb/device/class/usb_device_class.o
 .text.USB_DeviceClassGetHandleByDeviceHandle
                0x0000000000002ac4       0x64 ./usb/device/class/usb_device_class.o
 .text.USB_DeviceClassGetDeviceHandle
                0x0000000000002b28       0x78 ./usb/device/class/usb_device_class.o
                0x0000000000002b28                USB_DeviceClassGetDeviceHandle
 .text.USB_DeviceClassEvent
                0x0000000000002ba0       0xdc ./usb/device/class/usb_device_class.o
                0x0000000000002ba0                USB_DeviceClassEvent
 .text.USB_DeviceClassInit
                0x0000000000002c7c      0x118 ./usb/device/class/usb_device_class.o
                0x0000000000002c7c                USB_DeviceClassInit
 .text.__NVIC_EnableIRQ
                0x0000000000002d94       0x3c ./source/generated/usb_device_composite.o
 .text.__NVIC_SetPriority
                0x0000000000002dd0       0x54 ./source/generated/usb_device_composite.o
 .text.POWER_DisablePD
                0x0000000000002e24       0x20 ./source/generated/usb_device_composite.o
 .text.USB1_IRQHandler
                0x0000000000002e44       0x18 ./source/generated/usb_device_composite.o
                0x0000000000002e44                USB1_IRQHandler
 .text.USB_DeviceClockInit
                0x0000000000002e5c      0x1ac ./source/generated/usb_device_composite.o
 .text.USB_DeviceCallback
                0x0000000000003008      0x214 ./source/generated/usb_device_composite.o
 .text.USB_UpdateInterfaceSetting
                0x000000000000321c       0x68 ./source/generated/usb_device_composite.o
 .text.USB_DeviceApplicationInit
                0x0000000000003284       0x78 ./source/generated/usb_device_composite.o
                0x0000000000003284                USB_DeviceApplicationInit
 .text.USB_DeviceGetDeviceDescriptor
                0x00000000000032fc       0x28 ./source/generated/usb_device_descriptor.o
                0x00000000000032fc                USB_DeviceGetDeviceDescriptor
 .text.USB_DeviceGetConfigurationDescriptor
                0x0000000000003324       0x34 ./source/generated/usb_device_descriptor.o
                0x0000000000003324                USB_DeviceGetConfigurationDescriptor
 .text.USB_DeviceGetStringDescriptor
                0x0000000000003358       0xc0 ./source/generated/usb_device_descriptor.o
                0x0000000000003358                USB_DeviceGetStringDescriptor
 .text.USB_DeviceSetSpeed
                0x0000000000003418       0xc4 ./source/generated/usb_device_descriptor.o
                0x0000000000003418                USB_DeviceSetSpeed
 .text.__NVIC_EnableIRQ
                0x00000000000034dc       0x3c ./source/OKDO_Test.o
 .text.Motor_SetPower
                0x0000000000003518       0xa8 ./source/OKDO_Test.o
                0x0000000000003518                Motor_SetPower
 .text.hardStop
                0x00000000000035c0       0x18 ./source/OKDO_Test.o
                0x00000000000035c0                hardStop
 .text.enc_callback
                0x00000000000035d8       0x58 ./source/OKDO_Test.o
                0x00000000000035d8                enc_callback
 .text.ls1_callback
                0x0000000000003630       0x74 ./source/OKDO_Test.o
                0x0000000000003630                ls1_callback
 .text.ls2_callback
                0x00000000000036a4       0x74 ./source/OKDO_Test.o
                0x00000000000036a4                ls2_callback
 .text.ct2_callback
                0x0000000000003718       0x78 ./source/OKDO_Test.o
                0x0000000000003718                ct2_callback
 .text.setUp    0x0000000000003790      0x1cc ./source/OKDO_Test.o
                0x0000000000003790                setUp
 .text.setPosition
                0x000000000000395c      0x10c ./source/OKDO_Test.o
                0x000000000000395c                setPosition
 .text.interprete
                0x0000000000003a68       0x58 ./source/OKDO_Test.o
                0x0000000000003a68                interprete
 .text.main     0x0000000000003ac0      0x1ac ./source/OKDO_Test.o
                0x0000000000003ac0                main
 .text.SPI_Write_Byte
                0x0000000000003c6c       0x7c ./source/lcd.o
                0x0000000000003c6c                SPI_Write_Byte
 .text.SPI_Write_Words
                0x0000000000003ce8       0xd4 ./source/lcd.o
                0x0000000000003ce8                SPI_Write_Words
 .text.LCD_WriteReg
                0x0000000000003dbc       0x4c ./source/lcd.o
 .text.LCD_WriteData_8Bit
                0x0000000000003e08       0x4c ./source/lcd.o
 .text.LCD_GramRefresh
                0x0000000000003e54       0x38 ./source/lcd.o
                0x0000000000003e54                LCD_GramRefresh
 .text.LCD_Init
                0x0000000000003e8c       0x8c ./source/lcd.o
                0x0000000000003e8c                LCD_Init
 .text.LCD_Clear
                0x0000000000003f18       0x40 ./source/lcd.o
                0x0000000000003f18                LCD_Clear
 .text.LCD_Draw_Point
                0x0000000000003f58       0x38 ./source/lcd.o
                0x0000000000003f58                LCD_Draw_Point
 .text.LCD_Puts
                0x0000000000003f90       0xbc ./source/lcd.o
                0x0000000000003f90                LCD_Puts
 .text.USB_read
                0x000000000000404c       0x80 ./source/usb_device_interface_0_cic_vcom.o
                0x000000000000404c                USB_read
 .text.USB_write
                0x00000000000040cc       0x6c ./source/usb_device_interface_0_cic_vcom.o
                0x00000000000040cc                USB_write
 .text.USB_DeviceInterface0CicVcomCallback
                0x0000000000004138      0x378 ./source/usb_device_interface_0_cic_vcom.o
                0x0000000000004138                USB_DeviceInterface0CicVcomCallback
 .text.USB_DeviceInterface0CicVcomSetConfiguration
                0x00000000000044b0       0x34 ./source/usb_device_interface_0_cic_vcom.o
                0x00000000000044b0                USB_DeviceInterface0CicVcomSetConfiguration
 .text.USB_DeviceInterface0CicVcomInit
                0x00000000000044e4       0x30 ./source/usb_device_interface_0_cic_vcom.o
                0x00000000000044e4                USB_DeviceInterface0CicVcomInit
 .text.POWER_EnablePD
                0x0000000000004514       0x20 ./drivers/fsl_clock.o
 .text.POWER_DisablePD
                0x0000000000004534       0x20 ./drivers/fsl_clock.o
 .text.CLOCK_AttachClk
                0x0000000000004554       0x98 ./drivers/fsl_clock.o
                0x0000000000004554                CLOCK_AttachClk
 .text.CLOCK_SetClkDiv
                0x00000000000045ec       0x80 ./drivers/fsl_clock.o
                0x00000000000045ec                CLOCK_SetClkDiv
 .text.CLOCK_SetupFROClocking
                0x000000000000466c       0x80 ./drivers/fsl_clock.o
                0x000000000000466c                CLOCK_SetupFROClocking
 .text.CLOCK_SetFLASHAccessCyclesForFreq
                0x00000000000046ec      0x148 ./drivers/fsl_clock.o
                0x00000000000046ec                CLOCK_SetFLASHAccessCyclesForFreq
 .text.CLOCK_SetupExtClocking
                0x0000000000004834       0x50 ./drivers/fsl_clock.o
                0x0000000000004834                CLOCK_SetupExtClocking
 .text.CLOCK_GetUsb1ClkFreq
                0x0000000000004884       0x2c ./drivers/fsl_clock.o
                0x0000000000004884                CLOCK_GetUsb1ClkFreq
 .text.CLOCK_GetFro1MFreq
                0x00000000000048b0       0x28 ./drivers/fsl_clock.o
                0x00000000000048b0                CLOCK_GetFro1MFreq
 .text.CLOCK_GetExtClkFreq
                0x00000000000048d8       0x2c ./drivers/fsl_clock.o
                0x00000000000048d8                CLOCK_GetExtClkFreq
 .text.CLOCK_GetOsc32KFreq
                0x0000000000004904       0x58 ./drivers/fsl_clock.o
                0x0000000000004904                CLOCK_GetOsc32KFreq
 .text.CLOCK_GetPLL0InClockRate
                0x000000000000495c       0x64 ./drivers/fsl_clock.o
                0x000000000000495c                CLOCK_GetPLL0InClockRate
 .text.CLOCK_SetPLL0Freq
                0x00000000000049c0      0x12c ./drivers/fsl_clock.o
                0x00000000000049c0                CLOCK_SetPLL0Freq
 .text.SDK_DelayAtLeastUs
                0x0000000000004aec       0x90 ./drivers/fsl_common.o
                0x0000000000004aec                SDK_DelayAtLeastUs
 .text.__NVIC_EnableIRQ
                0x0000000000004b7c       0x3c ./drivers/fsl_ctimer.o
 .text.CTIMER_GetInstance
                0x0000000000004bb8       0x54 ./drivers/fsl_ctimer.o
 .text.CTIMER_Init
                0x0000000000004c0c       0x74 ./drivers/fsl_ctimer.o
                0x0000000000004c0c                CTIMER_Init
 .text.CTIMER_SetupPwmPeriod
                0x0000000000004c80       0xd8 ./drivers/fsl_ctimer.o
                0x0000000000004c80                CTIMER_SetupPwmPeriod
 .text.CTIMER_UpdatePwmDutycycle
                0x0000000000004d58       0x6c ./drivers/fsl_ctimer.o
                0x0000000000004d58                CTIMER_UpdatePwmDutycycle
 .text.CTIMER_RegisterCallBack
                0x0000000000004dc4       0x3c ./drivers/fsl_ctimer.o
                0x0000000000004dc4                CTIMER_RegisterCallBack
 .text.CTIMER_GenericIRQHandler
                0x0000000000004e00       0xb4 ./drivers/fsl_ctimer.o
 .text.FLEXCOMM_GetInstance
                0x0000000000004eb4       0x50 ./drivers/fsl_flexcomm.o
                0x0000000000004eb4                FLEXCOMM_GetInstance
 .text.FLEXCOMM_Init
                0x0000000000004f04       0x50 ./drivers/fsl_flexcomm.o
                0x0000000000004f04                FLEXCOMM_Init
 .text.FLEXCOMM0_DriverIRQHandler
                0x0000000000004f54       0x38 ./drivers/fsl_flexcomm.o
                0x0000000000004f54                FLEXCOMM0_DriverIRQHandler
 .text.FLEXCOMM1_DriverIRQHandler
                0x0000000000004f8c       0x38 ./drivers/fsl_flexcomm.o
                0x0000000000004f8c                FLEXCOMM1_DriverIRQHandler
 .text.FLEXCOMM2_DriverIRQHandler
                0x0000000000004fc4       0x38 ./drivers/fsl_flexcomm.o
                0x0000000000004fc4                FLEXCOMM2_DriverIRQHandler
 .text.FLEXCOMM3_DriverIRQHandler
                0x0000000000004ffc       0x38 ./drivers/fsl_flexcomm.o
                0x0000000000004ffc                FLEXCOMM3_DriverIRQHandler
 .text.FLEXCOMM4_DriverIRQHandler
                0x0000000000005034       0x38 ./drivers/fsl_flexcomm.o
                0x0000000000005034                FLEXCOMM4_DriverIRQHandler
 .text.FLEXCOMM5_DriverIRQHandler
                0x000000000000506c       0x38 ./drivers/fsl_flexcomm.o
                0x000000000000506c                FLEXCOMM5_DriverIRQHandler
 .text.FLEXCOMM6_DriverIRQHandler
                0x00000000000050a4       0x38 ./drivers/fsl_flexcomm.o
                0x00000000000050a4                FLEXCOMM6_DriverIRQHandler
 .text.FLEXCOMM7_DriverIRQHandler
                0x00000000000050dc       0x38 ./drivers/fsl_flexcomm.o
                0x00000000000050dc                FLEXCOMM7_DriverIRQHandler
 .text.FLEXCOMM8_DriverIRQHandler
                0x0000000000005114       0x38 ./drivers/fsl_flexcomm.o
                0x0000000000005114                FLEXCOMM8_DriverIRQHandler
 .text.GINT0_DriverIRQHandler
                0x000000000000514c       0x2c ./drivers/fsl_gint.o
                0x000000000000514c                GINT0_DriverIRQHandler
 .text.GINT1_DriverIRQHandler
                0x0000000000005178       0x2c ./drivers/fsl_gint.o
                0x0000000000005178                GINT1_DriverIRQHandler
 .text.GPIO_EnablePortClock
                0x00000000000051a4       0x34 ./drivers/fsl_gpio.o
 .text.__NVIC_EnableIRQ
                0x00000000000051d8       0x3c ./drivers/fsl_pint.o
 .text.__NVIC_ClearPendingIRQ
                0x0000000000005214       0x3c ./drivers/fsl_pint.o
 .text.PINT_Init
                0x0000000000005250       0xd4 ./drivers/fsl_pint.o
                0x0000000000005250                PINT_Init
 .text.PINT_PinInterruptConfig
                0x0000000000005324       0xd0 ./drivers/fsl_pint.o
                0x0000000000005324                PINT_PinInterruptConfig
 .text.PINT_EnableCallbackByIndex
                0x00000000000053f4       0x5c ./drivers/fsl_pint.o
                0x00000000000053f4                PINT_EnableCallbackByIndex
 .text.SEC_GPIO_INT0_IRQ0_DriverIRQHandler
                0x0000000000005450       0x48 ./drivers/fsl_pint.o
                0x0000000000005450                SEC_GPIO_INT0_IRQ0_DriverIRQHandler
 .text.SEC_GPIO_INT0_IRQ1_DriverIRQHandler
                0x0000000000005498       0x44 ./drivers/fsl_pint.o
                0x0000000000005498                SEC_GPIO_INT0_IRQ1_DriverIRQHandler
 .text.PIN_INT0_DriverIRQHandler
                0x00000000000054dc       0x48 ./drivers/fsl_pint.o
                0x00000000000054dc                PIN_INT0_DriverIRQHandler
 .text.PIN_INT1_DriverIRQHandler
                0x0000000000005524       0x48 ./drivers/fsl_pint.o
                0x0000000000005524                PIN_INT1_DriverIRQHandler
 .text.PIN_INT2_DriverIRQHandler
                0x000000000000556c       0x48 ./drivers/fsl_pint.o
                0x000000000000556c                PIN_INT2_DriverIRQHandler
 .text.PIN_INT3_DriverIRQHandler
                0x00000000000055b4       0x48 ./drivers/fsl_pint.o
                0x00000000000055b4                PIN_INT3_DriverIRQHandler
 .text.PIN_INT4_DriverIRQHandler
                0x00000000000055fc       0x48 ./drivers/fsl_pint.o
                0x00000000000055fc                PIN_INT4_DriverIRQHandler
 .text.PIN_INT5_DriverIRQHandler
                0x0000000000005644       0x48 ./drivers/fsl_pint.o
                0x0000000000005644                PIN_INT5_DriverIRQHandler
 .text.PIN_INT6_DriverIRQHandler
                0x000000000000568c       0x48 ./drivers/fsl_pint.o
                0x000000000000568c                PIN_INT6_DriverIRQHandler
 .text.PIN_INT7_DriverIRQHandler
                0x00000000000056d4       0x48 ./drivers/fsl_pint.o
                0x00000000000056d4                PIN_INT7_DriverIRQHandler
 .text.RESET_SetPeripheralReset
                0x000000000000571c       0x5c ./drivers/fsl_reset.o
                0x000000000000571c                RESET_SetPeripheralReset
 .text.RESET_ClearPeripheralReset
                0x0000000000005778       0x60 ./drivers/fsl_reset.o
                0x0000000000005778                RESET_ClearPeripheralReset
 .text.SPI_SetTransferDelay
                0x00000000000057d8       0x60 ./drivers/fsl_spi.o
 .text.SPI_GetInstance
                0x0000000000005838       0x4c ./drivers/fsl_spi.o
                0x0000000000005838                SPI_GetInstance
 .text.SPI_SetDummyData
                0x0000000000005884       0x2c ./drivers/fsl_spi.o
                0x0000000000005884                SPI_SetDummyData
 .text.SPI_GetConfig
                0x00000000000058b0       0x24 ./drivers/fsl_spi.o
                0x00000000000058b0                SPI_GetConfig
 .text.SPI_MasterInit
                0x00000000000058d4      0x190 ./drivers/fsl_spi.o
                0x00000000000058d4                SPI_MasterInit
 .text.SPI_MasterSetBaud
                0x0000000000005a64       0x9c ./drivers/fsl_spi.o
                0x0000000000005a64                SPI_MasterSetBaud
 .text.USART_Init
                0x0000000000005b00      0x1cc ./drivers/fsl_usart.o
                0x0000000000005b00                USART_Init
 .text.USART_GetDefaultConfig
                0x0000000000005ccc       0x80 ./drivers/fsl_usart.o
                0x0000000000005ccc                USART_GetDefaultConfig
 .text.USART_SetBaudRate
                0x0000000000005d4c      0x174 ./drivers/fsl_usart.o
                0x0000000000005d4c                USART_SetBaudRate
 .text.USART_WriteBlocking
                0x0000000000005ec0       0x8c ./drivers/fsl_usart.o
                0x0000000000005ec0                USART_WriteBlocking
 .text.SystemInit
                0x0000000000005f4c       0x64 ./device/system_LPC55S69_cm33_core0.o
                0x0000000000005f4c                SystemInit
 .text.HAL_UartInit
                0x0000000000005fb0      0x108 ./component/uart/fsl_adapter_usart.o
                0x0000000000005fb0                HAL_UartInit
 .text.HAL_UartSendBlocking
                0x00000000000060b8       0x64 ./component/uart/fsl_adapter_usart.o
                0x00000000000060b8                HAL_UartSendBlocking
 .text.OSA_MutexCreate
                0x000000000000611c       0x40 ./component/osa/fsl_os_abstraction_bm.o
                0x000000000000611c                OSA_MutexCreate
 .text.OSA_MutexDestroy
                0x000000000000615c       0x30 ./component/osa/fsl_os_abstraction_bm.o
                0x000000000000615c                OSA_MutexDestroy
 .text.BOARD_InitDebugConsole
                0x000000000000618c       0x38 ./board/board.o
                0x000000000000618c                BOARD_InitDebugConsole
 .text.POWER_EnablePD
                0x00000000000061c4       0x20 ./board/clock_config.o
 .text.POWER_DisablePD
                0x00000000000061e4       0x20 ./board/clock_config.o
 .text.BOARD_BootClockPLL150M
                0x0000000000006204      0x13c ./board/clock_config.o
                0x0000000000006204                BOARD_BootClockPLL150M
 .text.__NVIC_SetPriority
                0x0000000000006340       0x54 ./board/peripherals.o
 .text.FLEXCOMM8_init
                0x0000000000006394       0x28 ./board/peripherals.o
 .text.PINT_init
                0x00000000000063bc       0x7c ./board/peripherals.o
 .text.CTIMER2_init
                0x0000000000006438       0x58 ./board/peripherals.o
 .text.BOARD_InitPins
                0x0000000000006490      0x270 ./board/pin_mux.o
                0x0000000000006490                BOARD_InitPins
 .text.lowpower_set_system_voltage
                0x0000000000006700       0xa0 /Users/ki_01/Documents/MCUXpressoIDE_11.3.0/workspace/OKDO_Test/LPC55S69/mcuxpresso/libpower_hardabi.a(fsl_power_lib.o)
 .text.lowpower_set_voltage_for_process
                0x00000000000067a0       0x84 /Users/ki_01/Documents/MCUXpressoIDE_11.3.0/workspace/OKDO_Test/LPC55S69/mcuxpresso/libpower_hardabi.a(fsl_power_lib.o)
 .text.POWER_SetVoltageForFreq
                0x0000000000006824       0x84 /Users/ki_01/Documents/MCUXpressoIDE_11.3.0/workspace/OKDO_Test/LPC55S69/mcuxpresso/libpower_hardabi.a(fsl_power_lib.o)
                0x0000000000006824                POWER_SetVoltageForFreq
 .text.__assertion_failed
                0x00000000000068a8       0x4c /Applications/MCUXpressoIDE_11.3.0_5222/ide/plugins/com.nxp.mcuxpresso.tools.macosx_11.3.0.202011031536/tools/bin/../lib/gcc/arm-none-eabi/9.3.1/../../../../arm-none-eabi/lib/thumb/v8-m.main+fp/hard/libcr_semihost_nf.a(_cr_assert.o)
                0x00000000000068a8                __assertion_failed
 .text.__sys_appexit
                0x00000000000068f4        0xc /Applications/MCUXpressoIDE_11.3.0_5222/ide/plugins/com.nxp.mcuxpresso.tools.macosx_11.3.0.202011031536/tools/bin/../lib/gcc/arm-none-eabi/9.3.1/../../../../arm-none-eabi/lib/thumb/v8-m.main+fp/hard/libcr_semihost_nf.a(__sys_appexit.o)
                0x00000000000068f4                __exit
                0x00000000000068f4                __sys_appexit
 .text._Cwritebuf
                0x0000000000006900       0x6c /Applications/MCUXpressoIDE_11.3.0_5222/ide/plugins/com.nxp.mcuxpresso.tools.macosx_11.3.0.202011031536/tools/bin/../lib/gcc/arm-none-eabi/9.3.1/../../../../arm-none-eabi/lib/thumb/v8-m.main+fp/hard/libcr_c.a(_writebuf.o)
                0x0000000000006900                _Cwritebuf
 .text.malloc   0x000000000000696c       0xc8 /Applications/MCUXpressoIDE_11.3.0_5222/ide/plugins/com.nxp.mcuxpresso.tools.macosx_11.3.0.202011031536/tools/bin/../lib/gcc/arm-none-eabi/9.3.1/../../../../arm-none-eabi/lib/thumb/v8-m.main+fp/hard/libcr_c.a(alloc.o)
                0x000000000000696c                malloc
 .text._Csys_alloc
                0x0000000000006a34       0x20 /Applications/MCUXpressoIDE_11.3.0_5222/ide/plugins/com.nxp.mcuxpresso.tools.macosx_11.3.0.202011031536/tools/bin/../lib/gcc/arm-none-eabi/9.3.1/../../../../arm-none-eabi/lib/thumb/v8-m.main+fp/hard/libcr_c.a(alloc.o)
                0x0000000000006a34                _Csys_alloc
 .text.sprintf  0x0000000000006a54       0x6c /Applications/MCUXpressoIDE_11.3.0_5222/ide/plugins/com.nxp.mcuxpresso.tools.macosx_11.3.0.202011031536/tools/bin/../lib/gcc/arm-none-eabi/9.3.1/../../../../arm-none-eabi/lib/thumb/v8-m.main+fp/hard/libcr_c.a(fpprintf.o)
                0x0000000000006a54                sprintf
 .text.fseek    0x0000000000006ac0      0x100 /Applications/MCUXpressoIDE_11.3.0_5222/ide/plugins/com.nxp.mcuxpresso.tools.macosx_11.3.0.202011031536/tools/bin/../lib/gcc/arm-none-eabi/9.3.1/../../../../arm-none-eabi/lib/thumb/v8-m.main+fp/hard/libcr_c.a(fseek.o)
                0x0000000000006ac0                fseek
 .text.ftell    0x0000000000006bc0       0x44 /Applications/MCUXpressoIDE_11.3.0_5222/ide/plugins/com.nxp.mcuxpresso.tools.macosx_11.3.0.202011031536/tools/bin/../lib/gcc/arm-none-eabi/9.3.1/../../../../arm-none-eabi/lib/thumb/v8-m.main+fp/hard/libcr_c.a(ftell.o)
                0x0000000000006bc0                ftell
 .text._initio  0x0000000000006c04       0x78 /Applications/MCUXpressoIDE_11.3.0_5222/ide/plugins/com.nxp.mcuxpresso.tools.macosx_11.3.0.202011031536/tools/bin/../lib/gcc/arm-none-eabi/9.3.1/../../../../arm-none-eabi/lib/thumb/v8-m.main+fp/hard/libcr_c.a(initio.o)
                0x0000000000006c04                _initio
 .text.__vfprintf
                0x0000000000006c7c      0xcdc /Applications/MCUXpressoIDE_11.3.0_5222/ide/plugins/com.nxp.mcuxpresso.tools.macosx_11.3.0.202011031536/tools/bin/../lib/gcc/arm-none-eabi/9.3.1/../../../../arm-none-eabi/lib/thumb/v8-m.main+fp/hard/libcr_c.a(printf.o)
                0x0000000000006c7c                __vfprintf
 .text._sbrk    0x0000000000007958       0x3c /Applications/MCUXpressoIDE_11.3.0_5222/ide/plugins/com.nxp.mcuxpresso.tools.macosx_11.3.0.202011031536/tools/bin/../lib/gcc/arm-none-eabi/9.3.1/../../../../arm-none-eabi/lib/thumb/v8-m.main+fp/hard/libcr_c.a(_cr_sbrk.o)
                0x0000000000007958                _sbrk
 .text.fflush   0x0000000000007994       0x44 /Applications/MCUXpressoIDE_11.3.0_5222/ide/plugins/com.nxp.mcuxpresso.tools.macosx_11.3.0.202011031536/tools/bin/../lib/gcc/arm-none-eabi/9.3.1/../../../../arm-none-eabi/lib/thumb/v8-m.main+fp/hard/libcr_c.a(fflush.o)
                0x0000000000007994                fflush
 .text.__check_heap_overflow
                0x00000000000079d8       0x18 /Applications/MCUXpressoIDE_11.3.0_5222/ide/plugins/com.nxp.mcuxpresso.tools.macosx_11.3.0.202011031536/tools/bin/../lib/gcc/arm-none-eabi/9.3.1/../../../../arm-none-eabi/lib/thumb/v8-m.main+fp/hard/libcr_c.a(_cr_check_heap.o)
                0x00000000000079d8                __check_heap_overflow
 .text.__aeabi_dmul
                0x00000000000079f0      0x114 /Applications/MCUXpressoIDE_11.3.0_5222/ide/plugins/com.nxp.mcuxpresso.tools.macosx_11.3.0.202011031536/tools/bin/../lib/gcc/arm-none-eabi/9.3.1/thumb/v8-m.main+fp/hard/libcr_eabihelpers.a(double.o)
                0x00000000000079f0                __aeabi_dmul
 .text.__aeabi_ddiv
                0x0000000000007b04      0x14c /Applications/MCUXpressoIDE_11.3.0_5222/ide/plugins/com.nxp.mcuxpresso.tools.macosx_11.3.0.202011031536/tools/bin/../lib/gcc/arm-none-eabi/9.3.1/thumb/v8-m.main+fp/hard/libcr_eabihelpers.a(double.o)
                0x0000000000007b04                __aeabi_ddiv
 .text.__aeabi_dsub
                0x0000000000007c50      0x1b0 /Applications/MCUXpressoIDE_11.3.0_5222/ide/plugins/com.nxp.mcuxpresso.tools.macosx_11.3.0.202011031536/tools/bin/../lib/gcc/arm-none-eabi/9.3.1/thumb/v8-m.main+fp/hard/libcr_eabihelpers.a(double.o)
                0x0000000000007c50                __aeabi_dsub
 .text.__aeabi_dadd
                0x0000000000007e00      0x114 /Applications/MCUXpressoIDE_11.3.0_5222/ide/plugins/com.nxp.mcuxpresso.tools.macosx_11.3.0.202011031536/tools/bin/../lib/gcc/arm-none-eabi/9.3.1/thumb/v8-m.main+fp/hard/libcr_eabihelpers.a(double.o)
                0x0000000000007e00                __aeabi_dadd
 .text.__aeabi_f2d
                0x0000000000007f14       0x38 /Applications/MCUXpressoIDE_11.3.0_5222/ide/plugins/com.nxp.mcuxpresso.tools.macosx_11.3.0.202011031536/tools/bin/../lib/gcc/arm-none-eabi/9.3.1/thumb/v8-m.main+fp/hard/libcr_eabihelpers.a(float.o)
                0x0000000000007f14                __aeabi_f2d
 .text.DbgConsole_PrintCallback
                0x0000000000007f4c       0x66 ./utilities/fsl_debug_console.o
 .text.PrintGetSignChar
                0x0000000000007fb2       0x62 ./utilities/fsl_str.o
 .text.PrintGetWidth
                0x0000000000008014       0x80 ./utilities/fsl_str.o
 .text.PrintGetPrecision
                0x0000000000008094       0xc6 ./utilities/fsl_str.o
 .text.PrintIsobpu
                0x000000000000815a       0x38 ./utilities/fsl_str.o
 .text.PrintIsdi
                0x0000000000008192       0x2c ./utilities/fsl_str.o
 .text.PrintOutputdifFobpu
                0x00000000000081be       0xc4 ./utilities/fsl_str.o
 .text.PrintOutputxX
                0x0000000000008282      0x132 ./utilities/fsl_str.o
 .text.PrintIsfF
                0x00000000000083b4       0x2c ./utilities/fsl_str.o
 .text.PrintIsxX
                0x00000000000083e0       0x2c ./utilities/fsl_str.o
 .text.PrintGetLengthFlag
                0x000000000000840c       0x92 ./utilities/fsl_str.o
 .text.PrintGetRadixFromobpu
                0x000000000000849e       0x40 ./utilities/fsl_str.o
 .text.ConvertRadixNumToString
                0x00000000000084de      0x1f0 ./utilities/fsl_str.o
 .text.StrFormatPrintf
                0x00000000000086ce      0x3b2 ./utilities/fsl_str.o
                0x00000000000086ce                StrFormatPrintf
 .text.USB_EhciPhyInit
                0x0000000000008a80       0xaa ./usb/phy/usb_phy.o
                0x0000000000008a80                USB_EhciPhyInit
 .text.USB_DeviceLpcIp3511MaxPacketNeedCopy
                0x0000000000008b2a       0x16 ./usb/device/source/lpcip3511/usb_device_lpcip3511.o
 .text.USB_DeviceLpcIp3511MallocMaxPacketBuffer
                0x0000000000008b40       0xfe ./usb/device/source/lpcip3511/usb_device_lpcip3511.o
 .text.USB_DeviceLpcIp3511ReleaseMaxPacketBuffer
                0x0000000000008c3e       0xa8 ./usb/device/source/lpcip3511/usb_device_lpcip3511.o
 .text.USB_DeviceLpc3511IpGetEndpointStateStruct
                0x0000000000008ce6       0x34 ./usb/device/source/lpcip3511/usb_device_lpcip3511.o
 .text.USB_DeviceLpc3511IpEndpointPrime
                0x0000000000008d1a      0x150 ./usb/device/source/lpcip3511/usb_device_lpcip3511.o
 .text.USB_DeviceLpc3511IpEndpointInit
                0x0000000000008e6a      0x1ce ./usb/device/source/lpcip3511/usb_device_lpcip3511.o
 .text.USB_DeviceLpc3511IpEndpointDeinit
                0x0000000000009038       0xb8 ./usb/device/source/lpcip3511/usb_device_lpcip3511.o
 .text.USB_DeviceLpc3511IpEndpointStall
                0x00000000000090f0       0xa0 ./usb/device/source/lpcip3511/usb_device_lpcip3511.o
 .text.USB_DeviceLpc3511IpEndpointUnstall
                0x0000000000009190       0xe4 ./usb/device/source/lpcip3511/usb_device_lpcip3511.o
 .text.USB_DeviceLpc3511IpDoPreviousTransactionMemcpy
                0x0000000000009274       0x84 ./usb/device/source/lpcip3511/usb_device_lpcip3511.o
 .text.USB_DeviceLpc3511IpTokenUpdate
                0x00000000000092f8       0xcc ./usb/device/source/lpcip3511/usb_device_lpcip3511.o
 .text.USB_DeviceLpc3511IpInterruptToken
                0x00000000000093c4      0x304 ./usb/device/source/lpcip3511/usb_device_lpcip3511.o
 .text.USB_DeviceLpc3511IpInterruptReset
                0x00000000000096c8       0x84 ./usb/device/source/lpcip3511/usb_device_lpcip3511.o
 .text.USB_DeviceLpc3511IpTransaction
                0x000000000000974c       0xfa ./usb/device/source/lpcip3511/usb_device_lpcip3511.o
 .text.USB_DeviceLpc3511IpSend
                0x0000000000009846       0x76 ./usb/device/source/lpcip3511/usb_device_lpcip3511.o
                0x0000000000009846                USB_DeviceLpc3511IpSend
 .text.USB_DeviceLpc3511IpRecv
                0x00000000000098bc       0x26 ./usb/device/source/lpcip3511/usb_device_lpcip3511.o
                0x00000000000098bc                USB_DeviceLpc3511IpRecv
 .text.USB_DeviceLpc3511IpCancel
                0x00000000000098e2      0x312 ./usb/device/source/lpcip3511/usb_device_lpcip3511.o
                0x00000000000098e2                USB_DeviceLpc3511IpCancel
 .text.USB_DeviceLpc3511IpControlPreSetDeviceAddress
                0x0000000000009bf4       0x58 ./usb/device/source/lpcip3511/usb_device_lpcip3511.o
 .text.USB_DeviceLpcIp3511IsrFunction
                0x0000000000009c4c      0x158 ./usb/device/source/lpcip3511/usb_device_lpcip3511.o
                0x0000000000009c4c                USB_DeviceLpcIp3511IsrFunction
 .text.USB_DeviceCh9GetStatus
                0x0000000000009da4       0xec ./usb/device/source/usb_device_ch9.o
 .text.USB_DeviceCh9SetClearFeature
                0x0000000000009e90       0xf6 ./usb/device/source/usb_device_ch9.o
 .text.USB_DeviceCh9SetAddress
                0x0000000000009f86       0xa0 ./usb/device/source/usb_device_ch9.o
 .text.USB_DeviceCh9GetDescriptor
                0x000000000000a026       0xe6 ./usb/device/source/usb_device_ch9.o
 .text.USB_DeviceCh9GetConfiguration
                0x000000000000a10c       0x5c ./usb/device/source/usb_device_ch9.o
 .text.USB_DeviceCh9SetConfiguration
                0x000000000000a168       0x8c ./usb/device/source/usb_device_ch9.o
 .text.USB_DeviceCh9GetInterface
                0x000000000000a1f4       0x72 ./usb/device/source/usb_device_ch9.o
 .text.USB_DeviceCh9SetInterface
                0x000000000000a266       0x6e ./usb/device/source/usb_device_ch9.o
 .text.USB_DeviceCh9SynchFrame
                0x000000000000a2d4       0x66 ./usb/device/source/usb_device_ch9.o
 .text.USB_DeviceControlCallbackFeedback
                0x000000000000a33a       0xb0 ./usb/device/source/usb_device_ch9.o
 .text.USB_DeviceFreeHandle
                0x000000000000a3ea       0x32 ./usb/device/source/usb_device_dci.o
 .text.USB_DeviceTransfer
                0x000000000000a41c      0x10a ./usb/device/source/usb_device_dci.o
 .text.USB_DeviceControl
                0x000000000000a526       0x48 ./usb/device/source/usb_device_dci.o
 .text.USB_DeviceResetNotification
                0x000000000000a56e       0x98 ./usb/device/source/usb_device_dci.o
 .text.USB_DeviceNotification
                0x000000000000a606      0x102 ./usb/device/source/usb_device_dci.o
 .text.USB_DeviceNotificationTrigger
                0x000000000000a708       0x40 ./usb/device/source/usb_device_dci.o
                0x000000000000a708                USB_DeviceNotificationTrigger
 .text.USB_DeviceInit
                0x000000000000a748      0x166 ./usb/device/source/usb_device_dci.o
                0x000000000000a748                USB_DeviceInit
 .text.USB_DeviceRun
                0x000000000000a8ae       0x1c ./usb/device/source/usb_device_dci.o
                0x000000000000a8ae                USB_DeviceRun
 .text.USB_DeviceDeinit
                0x000000000000a8ca       0x42 ./usb/device/source/usb_device_dci.o
                0x000000000000a8ca                USB_DeviceDeinit
 .text.USB_DeviceSendRequest
                0x000000000000a90c       0x32 ./usb/device/source/usb_device_dci.o
                0x000000000000a90c                USB_DeviceSendRequest
 .text.USB_DeviceRecvRequest
                0x000000000000a93e       0x2c ./usb/device/source/usb_device_dci.o
                0x000000000000a93e                USB_DeviceRecvRequest
 .text.USB_DeviceInitEndpoint
                0x000000000000a96a       0xbe ./usb/device/source/usb_device_dci.o
                0x000000000000a96a                USB_DeviceInitEndpoint
 .text.USB_DeviceDeinitEndpoint
                0x000000000000aa28       0xac ./usb/device/source/usb_device_dci.o
                0x000000000000aa28                USB_DeviceDeinitEndpoint
 .text.USB_DeviceStallEndpoint
                0x000000000000aad4       0x30 ./usb/device/source/usb_device_dci.o
                0x000000000000aad4                USB_DeviceStallEndpoint
 .text.USB_DeviceUnstallEndpoint
                0x000000000000ab04       0x30 ./usb/device/source/usb_device_dci.o
                0x000000000000ab04                USB_DeviceUnstallEndpoint
 .text.USB_DeviceCdcAcmFreeHandle
                0x000000000000ab34       0x32 ./usb/device/class/cdc/usb_device_cdc_acm.o
 .text.USB_DeviceCdcAcmInterruptIn
                0x000000000000ab66       0x54 ./usb/device/class/cdc/usb_device_cdc_acm.o
 .text.USB_DeviceCdcAcmBulkIn
                0x000000000000abba       0x54 ./usb/device/class/cdc/usb_device_cdc_acm.o
 .text.USB_DeviceCdcAcmBulkOut
                0x000000000000ac0e       0x54 ./usb/device/class/cdc/usb_device_cdc_acm.o
 .text.USB_DeviceCdcAcmEndpointsDeinit
                0x000000000000ac62       0xae ./usb/device/class/cdc/usb_device_cdc_acm.o
 .text.USB_DeviceCdcAcmSend
                0x000000000000ad10       0xa4 ./usb/device/class/cdc/usb_device_cdc_acm.o
                0x000000000000ad10                USB_DeviceCdcAcmSend
 .text.USB_DeviceCdcAcmRecv
                0x000000000000adb4       0x78 ./usb/device/class/cdc/usb_device_cdc_acm.o
                0x000000000000adb4                USB_DeviceCdcAcmRecv
 .text.USB_DeviceClassCallback
                0x000000000000ae2c       0x5e ./usb/device/class/usb_device_class.o
                0x000000000000ae2c                USB_DeviceClassCallback
 .text.USB_DeviceClassGetSpeed
                0x000000000000ae8a       0x44 ./usb/device/class/usb_device_class.o
                0x000000000000ae8a                USB_DeviceClassGetSpeed
 .text.WDT_BOD_IRQHandler
                0x000000000000aece        0x8 ./startup/startup_lpc55s69_cm33_core0.o
                0x000000000000aece                WDT_BOD_IRQHandler
 .text.DMA0_IRQHandler
                0x000000000000aed6        0x8 ./startup/startup_lpc55s69_cm33_core0.o
                0x000000000000aed6                DMA0_IRQHandler
 .text.GINT0_IRQHandler
                0x000000000000aede        0x8 ./startup/startup_lpc55s69_cm33_core0.o
                0x000000000000aede                GINT0_IRQHandler
 .text.GINT1_IRQHandler
                0x000000000000aee6        0x8 ./startup/startup_lpc55s69_cm33_core0.o
                0x000000000000aee6                GINT1_IRQHandler
 .text.PIN_INT0_IRQHandler
                0x000000000000aeee        0x8 ./startup/startup_lpc55s69_cm33_core0.o
                0x000000000000aeee                PIN_INT0_IRQHandler
 .text.PIN_INT1_IRQHandler
                0x000000000000aef6        0x8 ./startup/startup_lpc55s69_cm33_core0.o
                0x000000000000aef6                PIN_INT1_IRQHandler
 .text.PIN_INT2_IRQHandler
                0x000000000000aefe        0x8 ./startup/startup_lpc55s69_cm33_core0.o
                0x000000000000aefe                PIN_INT2_IRQHandler
 .text.PIN_INT3_IRQHandler
                0x000000000000af06        0x8 ./startup/startup_lpc55s69_cm33_core0.o
                0x000000000000af06                PIN_INT3_IRQHandler
 .text.UTICK0_IRQHandler
                0x000000000000af0e        0x8 ./startup/startup_lpc55s69_cm33_core0.o
                0x000000000000af0e                UTICK0_IRQHandler
 .text.MRT0_IRQHandler
                0x000000000000af16        0x8 ./startup/startup_lpc55s69_cm33_core0.o
                0x000000000000af16                MRT0_IRQHandler
 .text.CTIMER0_IRQHandler
                0x000000000000af1e        0x8 ./startup/startup_lpc55s69_cm33_core0.o
                0x000000000000af1e                CTIMER0_IRQHandler
 .text.CTIMER1_IRQHandler
                0x000000000000af26        0x8 ./startup/startup_lpc55s69_cm33_core0.o
                0x000000000000af26                CTIMER1_IRQHandler
 .text.SCT0_IRQHandler
                0x000000000000af2e        0x8 ./startup/startup_lpc55s69_cm33_core0.o
                0x000000000000af2e                SCT0_IRQHandler
 .text.CTIMER3_IRQHandler
                0x000000000000af36        0x8 ./startup/startup_lpc55s69_cm33_core0.o
                0x000000000000af36                CTIMER3_IRQHandler
 .text.FLEXCOMM0_IRQHandler
                0x000000000000af3e        0x8 ./startup/startup_lpc55s69_cm33_core0.o
                0x000000000000af3e                FLEXCOMM0_IRQHandler
 .text.FLEXCOMM1_IRQHandler
                0x000000000000af46        0x8 ./startup/startup_lpc55s69_cm33_core0.o
                0x000000000000af46                FLEXCOMM1_IRQHandler
 .text.FLEXCOMM2_IRQHandler
                0x000000000000af4e        0x8 ./startup/startup_lpc55s69_cm33_core0.o
                0x000000000000af4e                FLEXCOMM2_IRQHandler
 .text.FLEXCOMM3_IRQHandler
                0x000000000000af56        0x8 ./startup/startup_lpc55s69_cm33_core0.o
                0x000000000000af56                FLEXCOMM3_IRQHandler
 .text.FLEXCOMM4_IRQHandler
                0x000000000000af5e        0x8 ./startup/startup_lpc55s69_cm33_core0.o
                0x000000000000af5e                FLEXCOMM4_IRQHandler
 .text.FLEXCOMM5_IRQHandler
                0x000000000000af66        0x8 ./startup/startup_lpc55s69_cm33_core0.o
                0x000000000000af66                FLEXCOMM5_IRQHandler
 .text.FLEXCOMM6_IRQHandler
                0x000000000000af6e        0x8 ./startup/startup_lpc55s69_cm33_core0.o
                0x000000000000af6e                FLEXCOMM6_IRQHandler
 .text.FLEXCOMM7_IRQHandler
                0x000000000000af76        0x8 ./startup/startup_lpc55s69_cm33_core0.o
                0x000000000000af76                FLEXCOMM7_IRQHandler
 .text.ADC0_IRQHandler
                0x000000000000af7e        0x8 ./startup/startup_lpc55s69_cm33_core0.o
                0x000000000000af7e                ADC0_IRQHandler
 .text.Reserved39_IRQHandler
                0x000000000000af86        0x8 ./startup/startup_lpc55s69_cm33_core0.o
                0x000000000000af86                Reserved39_IRQHandler
 .text.ACMP_IRQHandler
                0x000000000000af8e        0x8 ./startup/startup_lpc55s69_cm33_core0.o
                0x000000000000af8e                ACMP_IRQHandler
 .text.Reserved41_IRQHandler
                0x000000000000af96        0x8 ./startup/startup_lpc55s69_cm33_core0.o
                0x000000000000af96                Reserved41_IRQHandler
 .text.Reserved42_IRQHandler
                0x000000000000af9e        0x8 ./startup/startup_lpc55s69_cm33_core0.o
                0x000000000000af9e                Reserved42_IRQHandler
 .text.USB0_NEEDCLK_IRQHandler
                0x000000000000afa6        0x8 ./startup/startup_lpc55s69_cm33_core0.o
                0x000000000000afa6                USB0_NEEDCLK_IRQHandler
 .text.USB0_IRQHandler
                0x000000000000afae        0x8 ./startup/startup_lpc55s69_cm33_core0.o
                0x000000000000afae                USB0_IRQHandler
 .text.RTC_IRQHandler
                0x000000000000afb6        0x8 ./startup/startup_lpc55s69_cm33_core0.o
                0x000000000000afb6                RTC_IRQHandler
 .text.Reserved46_IRQHandler
                0x000000000000afbe        0x8 ./startup/startup_lpc55s69_cm33_core0.o
                0x000000000000afbe                Reserved46_IRQHandler
 .text.MAILBOX_IRQHandler
                0x000000000000afc6        0x8 ./startup/startup_lpc55s69_cm33_core0.o
                0x000000000000afc6                MAILBOX_IRQHandler
 .text.PIN_INT4_IRQHandler
                0x000000000000afce        0x8 ./startup/startup_lpc55s69_cm33_core0.o
                0x000000000000afce                PIN_INT4_IRQHandler
 .text.PIN_INT5_IRQHandler
                0x000000000000afd6        0x8 ./startup/startup_lpc55s69_cm33_core0.o
                0x000000000000afd6                PIN_INT5_IRQHandler
 .text.PIN_INT6_IRQHandler
                0x000000000000afde        0x8 ./startup/startup_lpc55s69_cm33_core0.o
                0x000000000000afde                PIN_INT6_IRQHandler
 .text.PIN_INT7_IRQHandler
                0x000000000000afe6        0x8 ./startup/startup_lpc55s69_cm33_core0.o
                0x000000000000afe6                PIN_INT7_IRQHandler
 .text.CTIMER2_IRQHandler
                0x000000000000afee        0x8 ./startup/startup_lpc55s69_cm33_core0.o
                0x000000000000afee                CTIMER2_IRQHandler
 .text.CTIMER4_IRQHandler
                0x000000000000aff6        0x8 ./startup/startup_lpc55s69_cm33_core0.o
                0x000000000000aff6                CTIMER4_IRQHandler
 .text.OS_EVENT_IRQHandler
                0x000000000000affe        0x8 ./startup/startup_lpc55s69_cm33_core0.o
                0x000000000000affe                OS_EVENT_IRQHandler
 .text.Reserved55_IRQHandler
                0x000000000000b006        0x8 ./startup/startup_lpc55s69_cm33_core0.o
                0x000000000000b006                Reserved55_IRQHandler
 .text.Reserved56_IRQHandler
                0x000000000000b00e        0x8 ./startup/startup_lpc55s69_cm33_core0.o
                0x000000000000b00e                Reserved56_IRQHandler
 .text.Reserved57_IRQHandler
                0x000000000000b016        0x8 ./startup/startup_lpc55s69_cm33_core0.o
                0x000000000000b016                Reserved57_IRQHandler
 .text.SDIO_IRQHandler
                0x000000000000b01e        0x8 ./startup/startup_lpc55s69_cm33_core0.o
                0x000000000000b01e                SDIO_IRQHandler
 .text.Reserved59_IRQHandler
                0x000000000000b026        0x8 ./startup/startup_lpc55s69_cm33_core0.o
                0x000000000000b026                Reserved59_IRQHandler
 .text.Reserved60_IRQHandler
                0x000000000000b02e        0x8 ./startup/startup_lpc55s69_cm33_core0.o
                0x000000000000b02e                Reserved60_IRQHandler
 .text.Reserved61_IRQHandler
                0x000000000000b036        0x8 ./startup/startup_lpc55s69_cm33_core0.o
                0x000000000000b036                Reserved61_IRQHandler
 .text.USB1_PHY_IRQHandler
                0x000000000000b03e        0x8 ./startup/startup_lpc55s69_cm33_core0.o
                0x000000000000b03e                USB1_PHY_IRQHandler
 .text.USB1_NEEDCLK_IRQHandler
                0x000000000000b046        0x8 ./startup/startup_lpc55s69_cm33_core0.o
                0x000000000000b046                USB1_NEEDCLK_IRQHandler
 .text.SEC_HYPERVISOR_CALL_IRQHandler
                0x000000000000b04e        0x8 ./startup/startup_lpc55s69_cm33_core0.o
                0x000000000000b04e                SEC_HYPERVISOR_CALL_IRQHandler
 .text.SEC_GPIO_INT0_IRQ0_IRQHandler
                0x000000000000b056        0x8 ./startup/startup_lpc55s69_cm33_core0.o
                0x000000000000b056                SEC_GPIO_INT0_IRQ0_IRQHandler
 .text.SEC_GPIO_INT0_IRQ1_IRQHandler
                0x000000000000b05e        0x8 ./startup/startup_lpc55s69_cm33_core0.o
                0x000000000000b05e                SEC_GPIO_INT0_IRQ1_IRQHandler
 .text.PLU_IRQHandler
                0x000000000000b066        0x8 ./startup/startup_lpc55s69_cm33_core0.o
                0x000000000000b066                PLU_IRQHandler
 .text.SEC_VIO_IRQHandler
                0x000000000000b06e        0x8 ./startup/startup_lpc55s69_cm33_core0.o
                0x000000000000b06e                SEC_VIO_IRQHandler
 .text.HASHCRYPT_IRQHandler
                0x000000000000b076        0x8 ./startup/startup_lpc55s69_cm33_core0.o
                0x000000000000b076                HASHCRYPT_IRQHandler
 .text.CASER_IRQHandler
                0x000000000000b07e        0x8 ./startup/startup_lpc55s69_cm33_core0.o
                0x000000000000b07e                CASER_IRQHandler
 .text.PUF_IRQHandler
                0x000000000000b086        0x8 ./startup/startup_lpc55s69_cm33_core0.o
                0x000000000000b086                PUF_IRQHandler
 .text.PQ_IRQHandler
                0x000000000000b08e        0x8 ./startup/startup_lpc55s69_cm33_core0.o
                0x000000000000b08e                PQ_IRQHandler
 .text.DMA1_IRQHandler
                0x000000000000b096        0x8 ./startup/startup_lpc55s69_cm33_core0.o
                0x000000000000b096                DMA1_IRQHandler
 .text.FLEXCOMM8_IRQHandler
                0x000000000000b09e        0x8 ./startup/startup_lpc55s69_cm33_core0.o
                0x000000000000b09e                FLEXCOMM8_IRQHandler
 .text.CLOCK_EnableClock
                0x000000000000b0a6       0x30 ./source/generated/usb_device_composite.o
 .text.CLOCK_DisableClock
                0x000000000000b0d6       0x30 ./source/generated/usb_device_composite.o
 .text.EnableIRQ
                0x000000000000b106       0x32 ./source/generated/usb_device_composite.o
 .text.USB_DeviceIsrEnable
                0x000000000000b138       0x2c ./source/generated/usb_device_composite.o
                0x000000000000b138                USB_DeviceIsrEnable
 .text.getEndpointSetting
                0x000000000000b164       0xb8 ./source/generated/usb_device_descriptor.o
 .text.EnableIRQ
                0x000000000000b21c       0x32 ./source/OKDO_Test.o
 .text.GPIO_PinWrite
                0x000000000000b24e       0x2a ./source/OKDO_Test.o
 .text.GPIO_PinRead
                0x000000000000b278       0x28 ./source/OKDO_Test.o
 .text.GPIO_PinWrite
                0x000000000000b2a0       0x2a ./source/lcd.o
 .text.Driver_Delay_ms
                0x000000000000b2ca       0x30 ./source/lcd.o
                0x000000000000b2ca                Driver_Delay_ms
 .text.LCD_InitReg
                0x000000000000b2fa      0x1d0 ./source/lcd.o
 .text.LCD_SetHome
                0x000000000000b4ca       0x4a ./source/lcd.o
                0x000000000000b4ca                LCD_SetHome
 .text.HardFault_Handler
                0x000000000000b514       0x2c ./source/semihost_hardfault.o
                0x000000000000b514                HardFault_Handler
 .text.USB_DeviceInterface0CicVcomSetInterface
                0x000000000000b540       0x1a ./source/usb_device_interface_0_cic_vcom.o
                0x000000000000b540                USB_DeviceInterface0CicVcomSetInterface
 .text.USB_DeviceInterface1DicVcomSetInterface
                0x000000000000b55a       0x1a ./source/usb_device_interface_0_cic_vcom.o
                0x000000000000b55a                USB_DeviceInterface1DicVcomSetInterface
 .text.CLOCK_IsPLL0Locked
                0x000000000000b574       0x24 ./drivers/fsl_clock.o
 .text.findPll0PreDiv
                0x000000000000b598       0x3e ./drivers/fsl_clock.o
 .text.DelayLoop
                0x000000000000b5d6       0x20 ./drivers/fsl_common.o
 .text.CLOCK_EnableClock
                0x000000000000b5f6       0x30 ./drivers/fsl_ctimer.o
 .text.EnableIRQ
                0x000000000000b626       0x32 ./drivers/fsl_ctimer.o
 .text.CTIMER_GetStatusFlags
                0x000000000000b658       0x18 ./drivers/fsl_ctimer.o
 .text.CTIMER_ClearStatusFlags
                0x000000000000b670       0x1c ./drivers/fsl_ctimer.o
 .text.CTIMER0_DriverIRQHandler
                0x000000000000b68c        0xe ./drivers/fsl_ctimer.o
                0x000000000000b68c                CTIMER0_DriverIRQHandler
 .text.CTIMER1_DriverIRQHandler
                0x000000000000b69a        0xe ./drivers/fsl_ctimer.o
                0x000000000000b69a                CTIMER1_DriverIRQHandler
 .text.CTIMER2_DriverIRQHandler
                0x000000000000b6a8        0xe ./drivers/fsl_ctimer.o
                0x000000000000b6a8                CTIMER2_DriverIRQHandler
 .text.CTIMER3_DriverIRQHandler
                0x000000000000b6b6        0xe ./drivers/fsl_ctimer.o
                0x000000000000b6b6                CTIMER3_DriverIRQHandler
 .text.CTIMER4_DriverIRQHandler
                0x000000000000b6c4        0xe ./drivers/fsl_ctimer.o
                0x000000000000b6c4                CTIMER4_DriverIRQHandler
 .text.CLOCK_EnableClock
                0x000000000000b6d2       0x30 ./drivers/fsl_flexcomm.o
 .text.FLEXCOMM_PeripheralIsPresent
                0x000000000000b702       0x64 ./drivers/fsl_flexcomm.o
 .text.FLEXCOMM_SetPeriph
                0x000000000000b766       0x74 ./drivers/fsl_flexcomm.o
 .text.CLOCK_EnableClock
                0x000000000000b7da       0x30 ./drivers/fsl_gpio.o
 .text.GPIO_PinInit
                0x000000000000b80a       0xa4 ./drivers/fsl_gpio.o
                0x000000000000b80a                GPIO_PinInit
 .text.INPUTMUX_AttachSignal
                0x000000000000b8ae       0x38 ./drivers/fsl_inputmux.o
                0x000000000000b8ae                INPUTMUX_AttachSignal
 .text.CLOCK_EnableClock
                0x000000000000b8e6       0x30 ./drivers/fsl_pint.o
 .text.EnableIRQ
                0x000000000000b916       0x32 ./drivers/fsl_pint.o
 .text.PINT_PinInterruptClrFallFlag
                0x000000000000b948       0x22 ./drivers/fsl_pint.o
 .text.PINT_PinInterruptClrRiseFlag
                0x000000000000b96a       0x22 ./drivers/fsl_pint.o
 .text.PINT_PatternMatchResetDetectLogic
                0x000000000000b98c       0x34 ./drivers/fsl_pint.o
                0x000000000000b98c                PINT_PatternMatchResetDetectLogic
 .text.PINT_PinInterruptClrStatus
                0x000000000000b9c0       0x4e ./drivers/fsl_pint.o
                0x000000000000b9c0                PINT_PinInterruptClrStatus
 .text.RESET_PeripheralReset
                0x000000000000ba0e       0x1c ./drivers/fsl_reset.o
                0x000000000000ba0e                RESET_PeripheralReset
 .text.SPI_Enable
                0x000000000000ba2a       0x40 ./drivers/fsl_spi.o
 .text.USART_EnableContinuousSCLK
                0x000000000000ba6a       0x38 ./drivers/fsl_usart.o
 .text.SystemInitHook
                0x000000000000baa2        0xe ./device/system_LPC55S69_cm33_core0.o
                0x000000000000baa2                SystemInitHook
 .text.HAL_UartGetStatus
                0x000000000000bab0       0x22 ./component/uart/fsl_adapter_usart.o
 .text.DisableGlobalIRQ
                0x000000000000bad2       0x22 ./component/serial_manager/fsl_component_serial_manager.o
 .text.EnableGlobalIRQ
                0x000000000000baf4       0x20 ./component/serial_manager/fsl_component_serial_manager.o
 .text.SerialManager_StartWriting
                0x000000000000bb14       0x38 ./component/serial_manager/fsl_component_serial_manager.o
 .text.SerialManager_Write
                0x000000000000bb4c       0x44 ./component/serial_manager/fsl_component_serial_manager.o
 .text.SerialManager_Init
                0x000000000000bb90       0x60 ./component/serial_manager/fsl_component_serial_manager.o
                0x000000000000bb90                SerialManager_Init
 .text.SerialManager_OpenWriteHandle
                0x000000000000bbf0       0x50 ./component/serial_manager/fsl_component_serial_manager.o
                0x000000000000bbf0                SerialManager_OpenWriteHandle
 .text.SerialManager_OpenReadHandle
                0x000000000000bc40       0x60 ./component/serial_manager/fsl_component_serial_manager.o
                0x000000000000bc40                SerialManager_OpenReadHandle
 .text.SerialManager_WriteBlocking
                0x000000000000bca0       0x20 ./component/serial_manager/fsl_component_serial_manager.o
                0x000000000000bca0                SerialManager_WriteBlocking
 .text.Serial_UartInit
                0x000000000000bcc0       0x3e ./component/serial_manager/fsl_component_serial_port_uart.o
                0x000000000000bcc0                Serial_UartInit
 .text.Serial_UartWrite
                0x000000000000bcfe       0x38 ./component/serial_manager/fsl_component_serial_port_uart.o
                0x000000000000bcfe                Serial_UartWrite
 .text.DisableGlobalIRQ
                0x000000000000bd36       0x22 ./component/osa/fsl_os_abstraction_bm.o
 .text.EnableGlobalIRQ
                0x000000000000bd58       0x20 ./component/osa/fsl_os_abstraction_bm.o
 .text.OSA_EnterCritical
                0x000000000000bd78       0x1a ./component/osa/fsl_os_abstraction_bm.o
                0x000000000000bd78                OSA_EnterCritical
 .text.OSA_ExitCritical
                0x000000000000bd92       0x16 ./component/osa/fsl_os_abstraction_bm.o
                0x000000000000bd92                OSA_ExitCritical
 .text.CLOCK_EnableClock
                0x000000000000bda8       0x30 ./board/clock_config.o
 .text.BOARD_InitBootClocks
                0x000000000000bdd8        0xc ./board/clock_config.o
                0x000000000000bdd8                BOARD_InitBootClocks
 .text.CTIMER_EnableInterrupts
                0x000000000000bde4       0x38 ./board/peripherals.o
 .text.CTIMER_StartTimer
                0x000000000000be1c       0x20 ./board/peripherals.o
 .text.USBHSD_init
                0x000000000000be3c        0xc ./board/peripherals.o
 .text.BOARD_InitPeripherals
                0x000000000000be48       0x18 ./board/peripherals.o
                0x000000000000be48                BOARD_InitPeripherals
 .text.BOARD_InitBootPeripherals
                0x000000000000be60        0xc ./board/peripherals.o
                0x000000000000be60                BOARD_InitBootPeripherals
 .text.Chip_GetVersion
                0x000000000000be6c       0x36 ./board/pin_mux.o
 .text.CLOCK_EnableClock
                0x000000000000bea2       0x30 ./board/pin_mux.o
 .text.IOCON_PinMuxSet
                0x000000000000bed2       0x2e ./board/pin_mux.o
 .text.BOARD_InitBootPins
                0x000000000000bf00        0xc ./board/pin_mux.o
                0x000000000000bf00                BOARD_InitBootPins
 .text.__main   0x000000000000bf0c        0xe /Applications/MCUXpressoIDE_11.3.0_5222/ide/plugins/com.nxp.mcuxpresso.tools.macosx_11.3.0.202011031536/tools/bin/../lib/gcc/arm-none-eabi/9.3.1/../../../../arm-none-eabi/lib/thumb/v8-m.main+fp/hard/libcr_semihost_nf.a(_cr__main.o)
                0x000000000000bf0c                __main
                0x000000000000bf0c                __CR_SEMIHOST
 .text.memcpy   0x000000000000bf1a        0x4 /Applications/MCUXpressoIDE_11.3.0_5222/ide/plugins/com.nxp.mcuxpresso.tools.macosx_11.3.0.202011031536/tools/bin/../lib/gcc/arm-none-eabi/9.3.1/../../../../arm-none-eabi/lib/thumb/v8-m.main+fp/hard/libcr_c.a(memcpy.o)
                0x000000000000bf1a                memcpy
 .text.memset   0x000000000000bf1e        0x4 /Applications/MCUXpressoIDE_11.3.0_5222/ide/plugins/com.nxp.mcuxpresso.tools.macosx_11.3.0.202011031536/tools/bin/../lib/gcc/arm-none-eabi/9.3.1/../../../../arm-none-eabi/lib/thumb/v8-m.main+fp/hard/libcr_c.a(memset.o)
                0x000000000000bf1e                memset
 .text._deferredlazyseek
                0x000000000000bf22       0x40 /Applications/MCUXpressoIDE_11.3.0_5222/ide/plugins/com.nxp.mcuxpresso.tools.macosx_11.3.0.202011031536/tools/bin/../lib/gcc/arm-none-eabi/9.3.1/../../../../arm-none-eabi/lib/thumb/v8-m.main+fp/hard/libcr_c.a(_deferredlazyseek.o)
                0x000000000000bf22                _deferredlazyseek
 .text.__flsbuf
                0x000000000000bf62      0x140 /Applications/MCUXpressoIDE_11.3.0_5222/ide/plugins/com.nxp.mcuxpresso.tools.macosx_11.3.0.202011031536/tools/bin/../lib/gcc/arm-none-eabi/9.3.1/../../../../arm-none-eabi/lib/thumb/v8-m.main+fp/hard/libcr_c.a(_deferredlazyseek.o)
                0x000000000000bf62                __flsbuf
 .text._fflush  0x000000000000c0a2       0x52 /Applications/MCUXpressoIDE_11.3.0_5222/ide/plugins/com.nxp.mcuxpresso.tools.macosx_11.3.0.202011031536/tools/bin/../lib/gcc/arm-none-eabi/9.3.1/../../../../arm-none-eabi/lib/thumb/v8-m.main+fp/hard/libcr_c.a(_fflush.o)
                0x000000000000c0a2                _fflush
 .text.free     0x000000000000c0f4       0x30 /Applications/MCUXpressoIDE_11.3.0_5222/ide/plugins/com.nxp.mcuxpresso.tools.macosx_11.3.0.202011031536/tools/bin/../lib/gcc/arm-none-eabi/9.3.1/../../../../arm-none-eabi/lib/thumb/v8-m.main+fp/hard/libcr_c.a(alloc.o)
                0x000000000000c0f4                free
 .text.fp_round
                0x000000000000c124       0x4c /Applications/MCUXpressoIDE_11.3.0_5222/ide/plugins/com.nxp.mcuxpresso.tools.macosx_11.3.0.202011031536/tools/bin/../lib/gcc/arm-none-eabi/9.3.1/../../../../arm-none-eabi/lib/thumb/v8-m.main+fp/hard/libcr_c.a(fpprintf.o)
 .text.pr_dec.constprop.0
                0x000000000000c170       0x26 /Applications/MCUXpressoIDE_11.3.0_5222/ide/plugins/com.nxp.mcuxpresso.tools.macosx_11.3.0.202011031536/tools/bin/../lib/gcc/arm-none-eabi/9.3.1/../../../../arm-none-eabi/lib/thumb/v8-m.main+fp/hard/libcr_c.a(fpprintf.o)
 .text.fputs    0x000000000000c196       0x2c /Applications/MCUXpressoIDE_11.3.0_5222/ide/plugins/com.nxp.mcuxpresso.tools.macosx_11.3.0.202011031536/tools/bin/../lib/gcc/arm-none-eabi/9.3.1/../../../../arm-none-eabi/lib/thumb/v8-m.main+fp/hard/libcr_c.a(fputs.o)
                0x000000000000c196                fputs
 .text.setvbuf  0x000000000000c1c2       0x3e /Applications/MCUXpressoIDE_11.3.0_5222/ide/plugins/com.nxp.mcuxpresso.tools.macosx_11.3.0.202011031536/tools/bin/../lib/gcc/arm-none-eabi/9.3.1/../../../../arm-none-eabi/lib/thumb/v8-m.main+fp/hard/libcr_c.a(setvbuf.o)
                0x000000000000c1c2                setvbuf
 .text.abs      0x000000000000c200        0x8 /Applications/MCUXpressoIDE_11.3.0_5222/ide/plugins/com.nxp.mcuxpresso.tools.macosx_11.3.0.202011031536/tools/bin/../lib/gcc/arm-none-eabi/9.3.1/../../../../arm-none-eabi/lib/thumb/v8-m.main+fp/hard/libcr_c.a(stdlib.o)
                0x000000000000c200                abs
 .text.strlen   0x000000000000c208       0x4c /Applications/MCUXpressoIDE_11.3.0_5222/ide/plugins/com.nxp.mcuxpresso.tools.macosx_11.3.0.202011031536/tools/bin/../lib/gcc/arm-none-eabi/9.3.1/../../../../arm-none-eabi/lib/thumb/v8-m.main+fp/hard/libcr_c.a(strlen.o)
                0x000000000000c208                strlen
 .text._fdopen  0x000000000000c254       0x68 /Applications/MCUXpressoIDE_11.3.0_5222/ide/plugins/com.nxp.mcuxpresso.tools.macosx_11.3.0.202011031536/tools/bin/../lib/gcc/arm-none-eabi/9.3.1/../../../../arm-none-eabi/lib/thumb/v8-m.main+fp/hard/libcr_c.a(_fdopen.o)
                0x000000000000c254                _fdopen
 .text.fclose   0x000000000000c2bc       0x58 /Applications/MCUXpressoIDE_11.3.0_5222/ide/plugins/com.nxp.mcuxpresso.tools.macosx_11.3.0.202011031536/tools/bin/../lib/gcc/arm-none-eabi/9.3.1/../../../../arm-none-eabi/lib/thumb/v8-m.main+fp/hard/libcr_c.a(fclose.o)
                0x000000000000c2bc                fclose
 .text.remove   0x000000000000c314       0x14 /Applications/MCUXpressoIDE_11.3.0_5222/ide/plugins/com.nxp.mcuxpresso.tools.macosx_11.3.0.202011031536/tools/bin/../lib/gcc/arm-none-eabi/9.3.1/../../../../arm-none-eabi/lib/thumb/v8-m.main+fp/hard/libcr_c.a(remove.o)
                0x000000000000c314                remove
 .text._do_fflush
                0x000000000000c328       0x40 /Applications/MCUXpressoIDE_11.3.0_5222/ide/plugins/com.nxp.mcuxpresso.tools.macosx_11.3.0.202011031536/tools/bin/../lib/gcc/arm-none-eabi/9.3.1/../../../../arm-none-eabi/lib/thumb/v8-m.main+fp/hard/libcr_c.a(_do_fflush.o)
                0x000000000000c328                _do_fflush
 .text.__aeabi_division_ldivmod
                0x000000000000c368       0x26 /Applications/MCUXpressoIDE_11.3.0_5222/ide/plugins/com.nxp.mcuxpresso.tools.macosx_11.3.0.202011031536/tools/bin/../lib/gcc/arm-none-eabi/9.3.1/thumb/v8-m.main+fp/hard/libcr_eabihelpers.a(division_64.o)
                0x000000000000c368                __aeabi_ldivmod
 .text.__aeabi_division_uldivmod
                0x000000000000c38e      0x174 /Applications/MCUXpressoIDE_11.3.0_5222/ide/plugins/com.nxp.mcuxpresso.tools.macosx_11.3.0.202011031536/tools/bin/../lib/gcc/arm-none-eabi/9.3.1/thumb/v8-m.main+fp/hard/libcr_eabihelpers.a(division_64.o)
                0x000000000000c38e                __aeabi_uldivmod
                0x000000000000c392                __bhs_ldivmod1
 .text.__aeabi_division_idiv0
                0x000000000000c502        0x2 /Applications/MCUXpressoIDE_11.3.0_5222/ide/plugins/com.nxp.mcuxpresso.tools.macosx_11.3.0.202011031536/tools/bin/../lib/gcc/arm-none-eabi/9.3.1/thumb/v8-m.main+fp/hard/libcr_eabihelpers.a(division_idiv0.o)
                0x000000000000c502                __aeabi_idiv0
 .text.__aeabi_d2iz
                0x000000000000c504       0x40 /Applications/MCUXpressoIDE_11.3.0_5222/ide/plugins/com.nxp.mcuxpresso.tools.macosx_11.3.0.202011031536/tools/bin/../lib/gcc/arm-none-eabi/9.3.1/thumb/v8-m.main+fp/hard/libcr_eabihelpers.a(double.o)
                0x000000000000c504                __aeabi_d2iz
 .text.__bhs_ui2d
                0x000000000000c544       0x46 /Applications/MCUXpressoIDE_11.3.0_5222/ide/plugins/com.nxp.mcuxpresso.tools.macosx_11.3.0.202011031536/tools/bin/../lib/gcc/arm-none-eabi/9.3.1/thumb/v8-m.main+fp/hard/libcr_eabihelpers.a(double.o)
                0x000000000000c544                __bhs_ui2d
 .text.__aeabi_i2d
                0x000000000000c58a       0x12 /Applications/MCUXpressoIDE_11.3.0_5222/ide/plugins/com.nxp.mcuxpresso.tools.macosx_11.3.0.202011031536/tools/bin/../lib/gcc/arm-none-eabi/9.3.1/thumb/v8-m.main+fp/hard/libcr_eabihelpers.a(double.o)
                0x000000000000c58a                __aeabi_i2d
 .text.__aeabi_dcmpeq
                0x000000000000c59c       0x30 /Applications/MCUXpressoIDE_11.3.0_5222/ide/plugins/com.nxp.mcuxpresso.tools.macosx_11.3.0.202011031536/tools/bin/../lib/gcc/arm-none-eabi/9.3.1/thumb/v8-m.main+fp/hard/libcr_eabihelpers.a(double.o)
                0x000000000000c59c                __aeabi_dcmpeq
 .text.__aeabi_dcmplt
                0x000000000000c5cc       0x56 /Applications/MCUXpressoIDE_11.3.0_5222/ide/plugins/com.nxp.mcuxpresso.tools.macosx_11.3.0.202011031536/tools/bin/../lib/gcc/arm-none-eabi/9.3.1/thumb/v8-m.main+fp/hard/libcr_eabihelpers.a(double.o)
                0x000000000000c5cc                __aeabi_dcmplt
 .text.__aeabi_dcmple
                0x000000000000c622       0x56 /Applications/MCUXpressoIDE_11.3.0_5222/ide/plugins/com.nxp.mcuxpresso.tools.macosx_11.3.0.202011031536/tools/bin/../lib/gcc/arm-none-eabi/9.3.1/thumb/v8-m.main+fp/hard/libcr_eabihelpers.a(double.o)
                0x000000000000c622                __aeabi_dcmple
 .text.__aeabi_dcmpge
                0x000000000000c678       0x5c /Applications/MCUXpressoIDE_11.3.0_5222/ide/plugins/com.nxp.mcuxpresso.tools.macosx_11.3.0.202011031536/tools/bin/../lib/gcc/arm-none-eabi/9.3.1/thumb/v8-m.main+fp/hard/libcr_eabihelpers.a(double.o)
                0x000000000000c678                __aeabi_dcmpge
 .text.__aeabi_memcpy
                0x000000000000c6d4       0x34 /Applications/MCUXpressoIDE_11.3.0_5222/ide/plugins/com.nxp.mcuxpresso.tools.macosx_11.3.0.202011031536/tools/bin/../lib/gcc/arm-none-eabi/9.3.1/thumb/v8-m.main+fp/hard/libcr_eabihelpers.a(memcpy.o)
                0x000000000000c6d4                __aeabi_memcpy
                0x000000000000c6de                __aeabi_memcpy4
                0x000000000000c6de                __aeabi_memcpy8
 .text.__aeabi_memset_lowlevel
                0x000000000000c708       0x32 /Applications/MCUXpressoIDE_11.3.0_5222/ide/plugins/com.nxp.mcuxpresso.tools.macosx_11.3.0.202011031536/tools/bin/../lib/gcc/arm-none-eabi/9.3.1/thumb/v8-m.main+fp/hard/libcr_eabihelpers.a(memcpy.o)
                0x000000000000c708                __aeabi_lowlevel_memset
 .text.__sys_close
                0x000000000000c73a        0xc /Applications/MCUXpressoIDE_11.3.0_5222/ide/plugins/com.nxp.mcuxpresso.tools.macosx_11.3.0.202011031536/tools/bin/../lib/gcc/arm-none-eabi/9.3.1/../../../../arm-none-eabi/lib/thumb/v8-m.main+fp/hard/libcr_semihost_nf.a(__sys_close.o)
                0x000000000000c73a                __sys_close
 .text.__sys_flen
                0x000000000000c746        0xc /Applications/MCUXpressoIDE_11.3.0_5222/ide/plugins/com.nxp.mcuxpresso.tools.macosx_11.3.0.202011031536/tools/bin/../lib/gcc/arm-none-eabi/9.3.1/../../../../arm-none-eabi/lib/thumb/v8-m.main+fp/hard/libcr_semihost_nf.a(__sys_flen.o)
                0x000000000000c746                __sys_flen
 .text.__sys_istty
                0x000000000000c752        0xc /Applications/MCUXpressoIDE_11.3.0_5222/ide/plugins/com.nxp.mcuxpresso.tools.macosx_11.3.0.202011031536/tools/bin/../lib/gcc/arm-none-eabi/9.3.1/../../../../arm-none-eabi/lib/thumb/v8-m.main+fp/hard/libcr_semihost_nf.a(__sys_istty.o)
                0x000000000000c752                __sys_istty
 .text.__sys_remove
                0x000000000000c75e        0xc /Applications/MCUXpressoIDE_11.3.0_5222/ide/plugins/com.nxp.mcuxpresso.tools.macosx_11.3.0.202011031536/tools/bin/../lib/gcc/arm-none-eabi/9.3.1/../../../../arm-none-eabi/lib/thumb/v8-m.main+fp/hard/libcr_semihost_nf.a(__sys_remove.o)
                0x000000000000c75e                __sys_remove
 .text.__sys_seek
                0x000000000000c76a        0xc /Applications/MCUXpressoIDE_11.3.0_5222/ide/plugins/com.nxp.mcuxpresso.tools.macosx_11.3.0.202011031536/tools/bin/../lib/gcc/arm-none-eabi/9.3.1/../../../../arm-none-eabi/lib/thumb/v8-m.main+fp/hard/libcr_semihost_nf.a(__sys_seek.o)
                0x000000000000c76a                __sys_seek
 .text.__sys_tmpnam
                0x000000000000c776        0xc /Applications/MCUXpressoIDE_11.3.0_5222/ide/plugins/com.nxp.mcuxpresso.tools.macosx_11.3.0.202011031536/tools/bin/../lib/gcc/arm-none-eabi/9.3.1/../../../../arm-none-eabi/lib/thumb/v8-m.main+fp/hard/libcr_semihost_nf.a(__sys_tmpnam.o)
                0x000000000000c776                __sys_tmpnam
 .text.__sys_write
                0x000000000000c782        0xc /Applications/MCUXpressoIDE_11.3.0_5222/ide/plugins/com.nxp.mcuxpresso.tools.macosx_11.3.0.202011031536/tools/bin/../lib/gcc/arm-none-eabi/9.3.1/../../../../arm-none-eabi/lib/thumb/v8-m.main+fp/hard/libcr_semihost_nf.a(__sys_write.o)
                0x000000000000c782                __sys_write
 *(SORT_BY_ALIGNMENT(.rodata) SORT_BY_ALIGNMENT(.rodata.*) SORT_BY_ALIGNMENT(.constdata) SORT_BY_ALIGNMENT(.constdata.*))
 *fill*         0x000000000000c78e        0x2 ff
 .rodata.s_UsbDeviceStandardRequest
                0x000000000000c790       0x34 ./usb/device/source/usb_device_ch9.o
 .rodata.s_UsbDeviceLpc3511IpInterface
                0x000000000000c7c4       0x18 ./usb/device/source/usb_device_dci.o
 .rodata.USB_DeviceCdcAcmEvent.str1.4
                0x000000000000c7dc       0x89 ./usb/device/class/cdc/usb_device_cdc_acm.o
 *fill*         0x000000000000c865        0x3 ff
 .rodata.USB_DeviceCdcAcmInit.str1.4
                0x000000000000c868       0x14 ./usb/device/class/cdc/usb_device_cdc_acm.o
 .rodata.USB_DeviceCdcAcmDeinit.str1.4
                0x000000000000c87c       0x15 ./usb/device/class/cdc/usb_device_cdc_acm.o
 *fill*         0x000000000000c891        0x3 ff
 .rodata.s_UsbDeviceClassInterfaceMap
                0x000000000000c894       0x20 ./usb/device/class/usb_device_class.o
 .rodata.USB_DeviceClockInit.str1.4
                0x000000000000c8b4       0x31 ./source/generated/usb_device_composite.o
 *fill*         0x000000000000c8e5        0x3 ff
 .rodata.ls1_callback.str1.4
                0x000000000000c8e8        0x7 ./source/OKDO_Test.o
 *fill*         0x000000000000c8ef        0x1 ff
 .rodata.ls2_callback.str1.4
                0x000000000000c8f0        0x7 ./source/OKDO_Test.o
 *fill*         0x000000000000c8f7        0x1 ff
 .rodata.setUp.str1.4
                0x000000000000c8f8       0x48 ./source/OKDO_Test.o
 .rodata.setPosition.str1.4
                0x000000000000c940       0x1a ./source/OKDO_Test.o
 *fill*         0x000000000000c95a        0x2 ff
 .rodata.interprete.str1.4
                0x000000000000c95c       0x1d ./source/OKDO_Test.o
 *fill*         0x000000000000c979        0x3 ff
 .rodata.main.str1.4
                0x000000000000c97c       0x46 ./source/OKDO_Test.o
 *fill*         0x000000000000c9c2        0x2 ff
 .rodata.FontSystem5x8
                0x000000000000c9c4      0x1e5 ./source/lcd.o
                0x000000000000c9c4                FontSystem5x8
 *fill*         0x000000000000cba9        0x3 ff
 .rodata.USB_DeviceInterface0CicVcomCallback.str1.4
                0x000000000000cbac       0x2e ./source/usb_device_interface_0_cic_vcom.o
 *fill*         0x000000000000cbda        0x2 ff
 .rodata.SDK_DelayAtLeastUs.str1.4
                0x000000000000cbdc       0x50 ./drivers/fsl_common.o
 .rodata.s_ctimerBases
                0x000000000000cc2c       0x14 ./drivers/fsl_ctimer.o
 .rodata.s_ctimerClocks
                0x000000000000cc40        0xa ./drivers/fsl_ctimer.o
 *fill*         0x000000000000cc4a        0x2 ff
 .rodata.s_ctimerResets
                0x000000000000cc4c       0x14 ./drivers/fsl_ctimer.o
 .rodata.s_ctimerIRQ
                0x000000000000cc60        0x5 ./drivers/fsl_ctimer.o
 *fill*         0x000000000000cc65        0x3 ff
 .rodata.CTIMER_GetInstance.str1.4
                0x000000000000cc68       0x2f ./drivers/fsl_ctimer.o
 *fill*         0x000000000000cc97        0x1 ff
 .rodata.CTIMER_Init.str1.4
                0x000000000000cc98       0x23 ./drivers/fsl_ctimer.o
 *fill*         0x000000000000ccbb        0x1 ff
 .rodata.s_flexcommBaseAddrs
                0x000000000000ccbc       0x24 ./drivers/fsl_flexcomm.o
 .rodata.s_flexcommClocks
                0x000000000000cce0       0x12 ./drivers/fsl_flexcomm.o
 *fill*         0x000000000000ccf2        0x2 ff
 .rodata.s_flexcommResets
                0x000000000000ccf4       0x24 ./drivers/fsl_flexcomm.o
 .rodata.FLEXCOMM_GetInstance.str1.4
                0x000000000000cd18       0x43 ./drivers/fsl_flexcomm.o
 *fill*         0x000000000000cd5b        0x1 ff
 .rodata.FLEXCOMM0_DriverIRQHandler.str1.4
                0x000000000000cd5c       0x2e ./drivers/fsl_flexcomm.o
 *fill*         0x000000000000cd8a        0x2 ff
 .rodata.FLEXCOMM1_DriverIRQHandler.str1.4
                0x000000000000cd8c       0x2e ./drivers/fsl_flexcomm.o
 *fill*         0x000000000000cdba        0x2 ff
 .rodata.FLEXCOMM2_DriverIRQHandler.str1.4
                0x000000000000cdbc       0x2e ./drivers/fsl_flexcomm.o
 *fill*         0x000000000000cdea        0x2 ff
 .rodata.FLEXCOMM3_DriverIRQHandler.str1.4
                0x000000000000cdec       0x2e ./drivers/fsl_flexcomm.o
 *fill*         0x000000000000ce1a        0x2 ff
 .rodata.FLEXCOMM4_DriverIRQHandler.str1.4
                0x000000000000ce1c       0x2e ./drivers/fsl_flexcomm.o
 *fill*         0x000000000000ce4a        0x2 ff
 .rodata.FLEXCOMM5_DriverIRQHandler.str1.4
                0x000000000000ce4c       0x2e ./drivers/fsl_flexcomm.o
 *fill*         0x000000000000ce7a        0x2 ff
 .rodata.FLEXCOMM6_DriverIRQHandler.str1.4
                0x000000000000ce7c       0x2e ./drivers/fsl_flexcomm.o
 *fill*         0x000000000000ceaa        0x2 ff
 .rodata.FLEXCOMM7_DriverIRQHandler.str1.4
                0x000000000000ceac       0x2e ./drivers/fsl_flexcomm.o
 *fill*         0x000000000000ceda        0x2 ff
 .rodata.FLEXCOMM8_DriverIRQHandler.str1.4
                0x000000000000cedc       0x2e ./drivers/fsl_flexcomm.o
 *fill*         0x000000000000cf0a        0x2 ff
 .rodata.s_gpioClockName
                0x000000000000cf0c        0x8 ./drivers/fsl_gpio.o
 .rodata.GPIO_EnablePortClock.str1.4
                0x000000000000cf14       0x34 ./drivers/fsl_gpio.o
 .rodata.s_pintIRQ
                0x000000000000cf48        0xa ./drivers/fsl_pint.o
 *fill*         0x000000000000cf52        0x2 ff
 .rodata.PINT_Init.str1.4
                0x000000000000cf54       0x1e ./drivers/fsl_pint.o
 *fill*         0x000000000000cf72        0x2 ff
 .rodata.PINT_PinInterruptConfig.str1.4
                0x000000000000cf74       0x1f ./drivers/fsl_pint.o
 *fill*         0x000000000000cf93        0x1 ff
 .rodata.PINT_EnableCallbackByIndex.str1.4
                0x000000000000cf94       0x1f ./drivers/fsl_pint.o
 *fill*         0x000000000000cfb3        0x1 ff
 .rodata.RESET_SetPeripheralReset.str1.4
                0x000000000000cfb4       0x1f ./drivers/fsl_reset.o
 *fill*         0x000000000000cfd3        0x1 ff
 .rodata.RESET_ClearPeripheralReset.str1.4
                0x000000000000cfd4       0x1f ./drivers/fsl_reset.o
 *fill*         0x000000000000cff3        0x1 ff
 .rodata.SPI_SetTransferDelay.str1.4
                0x000000000000cff4       0x40 ./drivers/fsl_spi.o
 .rodata.s_spiBaseAddrs
                0x000000000000d034       0x24 ./drivers/fsl_spi.o
 .rodata.SPI_GetInstance.str1.4
                0x000000000000d058       0x38 ./drivers/fsl_spi.o
 .rodata.SPI_MasterInit.str1.4
                0x000000000000d090       0x4e ./drivers/fsl_spi.o
 *fill*         0x000000000000d0de        0x2 ff
 .rodata.SPI_MasterSetBaud.str1.4
                0x000000000000d0e0       0x52 ./drivers/fsl_spi.o
 *fill*         0x000000000000d132        0x2 ff
 .rodata.USART_Init.str1.4
                0x000000000000d134       0x50 ./drivers/fsl_usart.o
 .rodata.USART_GetDefaultConfig.str1.4
                0x000000000000d184       0x22 ./drivers/fsl_usart.o
 *fill*         0x000000000000d1a6        0x2 ff
 .rodata.USART_SetBaudRate.str1.4
                0x000000000000d1a8       0x54 ./drivers/fsl_usart.o
 .rodata.USART_WriteBlocking.str1.4
                0x000000000000d1fc       0x37 ./drivers/fsl_usart.o
 *fill*         0x000000000000d233        0x1 ff
 .rodata.s_UsartAdapterBase
                0x000000000000d234       0x20 ./component/uart/fsl_adapter_usart.o
 .rodata.HAL_UartInit.str1.4
                0x000000000000d254       0xec ./component/uart/fsl_adapter_usart.o
 .rodata.HAL_UartSendBlocking.str1.4
                0x000000000000d340       0x66 ./component/uart/fsl_adapter_usart.o
 *fill*         0x000000000000d3a6        0x2 ff
 .rodata.OSA_MutexCreate.str1.4
                0x000000000000d3a8       0x2b ./component/osa/fsl_os_abstraction_bm.o
 *fill*         0x000000000000d3d3        0x1 ff
 .rodata.OSA_MutexDestroy.str1.4
                0x000000000000d3d4       0x2b ./component/osa/fsl_os_abstraction_bm.o
 *fill*         0x000000000000d3ff        0x1 ff
 .rodata.FLEXCOMM8_config
                0x000000000000d400       0x18 ./board/peripherals.o
                0x000000000000d400                FLEXCOMM8_config
 .rodata.CTIMER2_config
                0x000000000000d418        0x8 ./board/peripherals.o
                0x000000000000d418                CTIMER2_config
 .rodata        0x000000000000d420        0x2 ./board/pin_mux.o
 *fill*         0x000000000000d422        0x2 ff
 .rodata.__num_Ciob_streams
                0x000000000000d424        0x4 /Applications/MCUXpressoIDE_11.3.0_5222/ide/plugins/com.nxp.mcuxpresso.tools.macosx_11.3.0.202011031536/tools/bin/../lib/gcc/arm-none-eabi/9.3.1/../../../../arm-none-eabi/lib/thumb/v8-m.main+fp/hard/libcr_semihost_nf.a(__ciob.o)
                0x000000000000d424                __num_Ciob_streams
 .rodata.__assertion_failed.str1.1
                0x000000000000d428       0x15 /Applications/MCUXpressoIDE_11.3.0_5222/ide/plugins/com.nxp.mcuxpresso.tools.macosx_11.3.0.202011031536/tools/bin/../lib/gcc/arm-none-eabi/9.3.1/../../../../arm-none-eabi/lib/thumb/v8-m.main+fp/hard/libcr_semihost_nf.a(_cr_assert.o)
 .rodata._Csys_alloc.str1.1
                0x000000000000d43d       0x18 /Applications/MCUXpressoIDE_11.3.0_5222/ide/plugins/com.nxp.mcuxpresso.tools.macosx_11.3.0.202011031536/tools/bin/../lib/gcc/arm-none-eabi/9.3.1/../../../../arm-none-eabi/lib/thumb/v8-m.main+fp/hard/libcr_c.a(alloc.o)
 .rodata.fp_display.str1.1
                0x000000000000d455       0x32 /Applications/MCUXpressoIDE_11.3.0_5222/ide/plugins/com.nxp.mcuxpresso.tools.macosx_11.3.0.202011031536/tools/bin/../lib/gcc/arm-none-eabi/9.3.1/../../../../arm-none-eabi/lib/thumb/v8-m.main+fp/hard/libcr_c.a(fpprintf.o)
                                         0x35 (size before relaxing)
 .rodata._initio.str1.1
                0x000000000000d487        0x4 /Applications/MCUXpressoIDE_11.3.0_5222/ide/plugins/com.nxp.mcuxpresso.tools.macosx_11.3.0.202011031536/tools/bin/../lib/gcc/arm-none-eabi/9.3.1/../../../../arm-none-eabi/lib/thumb/v8-m.main+fp/hard/libcr_c.a(initio.o)
 .rodata.__vfprintf.str1.1
                0x000000000000d48b       0x31 /Applications/MCUXpressoIDE_11.3.0_5222/ide/plugins/com.nxp.mcuxpresso.tools.macosx_11.3.0.202011031536/tools/bin/../lib/gcc/arm-none-eabi/9.3.1/../../../../arm-none-eabi/lib/thumb/v8-m.main+fp/hard/libcr_c.a(printf.o)
                                         0x38 (size before relaxing)
                0x000000000000d4bc                . = ALIGN (0x4)

.glue_7         0x000000000000d4bc        0x0
 .glue_7        0x000000000000d4bc        0x0 linker stubs

.glue_7t        0x000000000000d4bc        0x0
 .glue_7t       0x000000000000d4bc        0x0 linker stubs

.vfp11_veneer   0x000000000000d4bc        0x0
 .vfp11_veneer  0x000000000000d4bc        0x0 linker stubs

.v4_bx          0x000000000000d4bc        0x0
 .v4_bx         0x000000000000d4bc        0x0 linker stubs

.iplt           0x000000000000d4bc        0x0
 .iplt          0x000000000000d4bc        0x0 ./utilities/fsl_debug_console.o

.rel.dyn        0x000000000000d4bc        0x0
 .rel.iplt      0x000000000000d4bc        0x0 ./utilities/fsl_debug_console.o

.ARM.extab
 *(SORT_BY_ALIGNMENT(.ARM.extab*) SORT_BY_ALIGNMENT(.gnu.linkonce.armextab.*))

.ARM.exidx      0x000000000000d4bc        0x0
                0x000000000000d4bc                __exidx_start = .
 *(SORT_BY_ALIGNMENT(.ARM.exidx*) SORT_BY_ALIGNMENT(.gnu.linkonce.armexidx.*))
                0x000000000000d4bc                __exidx_end = .
                0x000000000000d4bc                _etext = .

.m_usb_data     0x0000000040100000     0x16d8
 *(SORT_BY_ALIGNMENT(m_usb_global))
 m_usb_global   0x0000000040100000     0x1560 ./usb/device/source/lpcip3511/usb_device_lpcip3511.o
 *fill*         0x0000000040101560       0x20 
 m_usb_global   0x0000000040101580       0x68 ./usb/device/class/cdc/usb_device_cdc_acm.o
 *fill*         0x00000000401015e8       0x18 
 m_usb_global   0x0000000040101600       0x80 ./usb/device/class/usb_device_class.o
 m_usb_global   0x0000000040101680       0x58 ./usb/device/source/usb_device_dci.o

.data_RAM2      0x0000000020040000        0x0 load address 0x000000000000d4bc
 FILL mask 0xff
                [!provide]                        PROVIDE (__start_data_RAM2 = .)
                [!provide]                        PROVIDE (__start_data_SRAM4 = .)
 *(SORT_BY_ALIGNMENT(.ramfunc.$RAM2))
 *(SORT_BY_ALIGNMENT(.ramfunc.$SRAM4))
 *(SORT_BY_ALIGNMENT(.data.$RAM2))
 *(SORT_BY_ALIGNMENT(.data.$SRAM4))
 *(SORT_BY_ALIGNMENT(.data.$RAM2.*))
 *(SORT_BY_ALIGNMENT(.data.$SRAM4.*))
                0x0000000020040000                . = ALIGN (0x4)
                [!provide]                        PROVIDE (__end_data_RAM2 = .)