core_cm33.h:2127:22:__NVIC_EnableIRQ	16	static
core_cm33.h:2165:22:__NVIC_DisableIRQ	16	static
core_cm33.h:2218:22:__NVIC_ClearPendingIRQ	16	static
fsl_clock.h:722:20:CLOCK_EnableClock	24	static
fsl_clock.h:732:20:CLOCK_DisableClock	24	static
fsl_common.h:747:28:EnableIRQ	24	static
fsl_common.h:791:28:DisableIRQ	24	static
fsl_gint.h:186:20:GINT_ClrStatus	16	static
fsl_gint.c:42:17:GINT_GetInstance	24	static
fsl_gint.c:69:6:GINT_Init	24	static
fsl_gint.c:100:6:GINT_SetCtrl	32	static
fsl_gint.c:124:6:GINT_GetCtrl	40	static
fsl_gint.c:153:6:GINT_ConfigPins	24	static
fsl_gint.c:175:6:GINT_GetConfigPins	24	static
fsl_gint.c:191:6:GINT_EnableCallback	24	static
fsl_gint.c:213:6:GINT_DisableCallback	24	static
fsl_gint.c:232:6:GINT_Deinit	24	static
fsl_gint.c:256:6:GINT0_DriverIRQHandler	8	static
fsl_gint.c:271:6:GINT1_DriverIRQHandler	8	static
